Archive member included to satisfy reference by file (symbol)

/usr/bin/../lib/gcc/arm-none-eabi/7.3.1/thumb/v6-m/libgcc.a(_udivsi3.o)
                              /home/ek-181/Klukin/RIOT/tests/leds/bin/stm32f0discovery/periph/uart.o (__aeabi_uidiv)
/usr/bin/../lib/gcc/arm-none-eabi/7.3.1/thumb/v6-m/libgcc.a(_divsi3.o)
                              /home/ek-181/Klukin/RIOT/tests/leds/bin/stm32f0discovery/periph_common/rtc.o (__aeabi_idivmod)
/usr/bin/../lib/gcc/arm-none-eabi/7.3.1/thumb/v6-m/libgcc.a(_dvmd_tls.o)
                              /usr/bin/../lib/gcc/arm-none-eabi/7.3.1/thumb/v6-m/libgcc.a(_udivsi3.o) (__aeabi_idiv0)
/usr/bin/../lib/gcc/arm-none-eabi/7.3.1/../../../../arm-none-eabi/lib/thumb/v6-m/libc_nano.a(lib_a-div.o)
                              /home/ek-181/Klukin/RIOT/tests/leds/bin/stm32f0discovery/periph_common/rtc.o (div)
/usr/bin/../lib/gcc/arm-none-eabi/7.3.1/../../../../arm-none-eabi/lib/thumb/v6-m/libc_nano.a(lib_a-errno.o)
                              /home/ek-181/Klukin/RIOT/tests/leds/bin/stm32f0discovery/newlib_syscalls_default/syscalls.o (__errno)
/usr/bin/../lib/gcc/arm-none-eabi/7.3.1/../../../../arm-none-eabi/lib/thumb/v6-m/libc_nano.a(lib_a-impure.o)
                              /usr/bin/../lib/gcc/arm-none-eabi/7.3.1/../../../../arm-none-eabi/lib/thumb/v6-m/libc_nano.a(lib_a-errno.o) (_impure_ptr)
/usr/bin/../lib/gcc/arm-none-eabi/7.3.1/../../../../arm-none-eabi/lib/thumb/v6-m/libc_nano.a(lib_a-init.o)
                              /home/ek-181/Klukin/RIOT/tests/leds/bin/stm32f0discovery/cortexm_common/vectors_cortexm.o (__libc_init_array)
/usr/bin/../lib/gcc/arm-none-eabi/7.3.1/../../../../arm-none-eabi/lib/thumb/v6-m/libc_nano.a(lib_a-memcmp.o)
                              /home/ek-181/Klukin/RIOT/tests/leds/bin/stm32f0discovery/core/atomic_c11.o (memcmp)
/usr/bin/../lib/gcc/arm-none-eabi/7.3.1/../../../../arm-none-eabi/lib/thumb/v6-m/libc_nano.a(lib_a-memcpy-stub.o)
                              /home/ek-181/Klukin/RIOT/tests/leds/bin/stm32f0discovery/core/atomic_c11.o (memcpy)
/usr/bin/../lib/gcc/arm-none-eabi/7.3.1/../../../../arm-none-eabi/lib/thumb/v6-m/libc_nano.a(lib_a-memset.o)
                              /home/ek-181/Klukin/RIOT/tests/leds/bin/stm32f0discovery/periph_common/rtc.o (memset)
/usr/bin/../lib/gcc/arm-none-eabi/7.3.1/../../../../arm-none-eabi/lib/thumb/v6-m/libc_nano.a(lib_a-mstats.o)
                              /home/ek-181/Klukin/RIOT/tests/leds/bin/stm32f0discovery/newlib_syscalls_default/syscalls.o (mallinfo)
/usr/bin/../lib/gcc/arm-none-eabi/7.3.1/../../../../arm-none-eabi/lib/thumb/v6-m/libc_nano.a(lib_a-nano-mallinfor.o)
                              /usr/bin/../lib/gcc/arm-none-eabi/7.3.1/../../../../arm-none-eabi/lib/thumb/v6-m/libc_nano.a(lib_a-mstats.o) (_mallinfo_r)
/usr/bin/../lib/gcc/arm-none-eabi/7.3.1/../../../../arm-none-eabi/lib/thumb/v6-m/libc_nano.a(lib_a-nano-mallocr.o)
                              /usr/bin/../lib/gcc/arm-none-eabi/7.3.1/../../../../arm-none-eabi/lib/thumb/v6-m/libc_nano.a(lib_a-nano-mallinfor.o) (__malloc_sbrk_start)
/usr/bin/../lib/gcc/arm-none-eabi/7.3.1/../../../../arm-none-eabi/lib/thumb/v6-m/libc_nano.a(lib_a-nano-malloptr.o)
                              /usr/bin/../lib/gcc/arm-none-eabi/7.3.1/../../../../arm-none-eabi/lib/thumb/v6-m/libc_nano.a(lib_a-mstats.o) (_mallopt_r)
/usr/bin/../lib/gcc/arm-none-eabi/7.3.1/../../../../arm-none-eabi/lib/thumb/v6-m/libc_nano.a(lib_a-nano-mallstatsr.o)
                              /usr/bin/../lib/gcc/arm-none-eabi/7.3.1/../../../../arm-none-eabi/lib/thumb/v6-m/libc_nano.a(lib_a-mstats.o) (_malloc_stats_r)
/usr/bin/../lib/gcc/arm-none-eabi/7.3.1/../../../../arm-none-eabi/lib/thumb/v6-m/libc_nano.a(lib_a-printf.o)
                              /home/ek-181/Klukin/RIOT/tests/leds/bin/stm32f0discovery/core/init.o (printf)
/usr/bin/../lib/gcc/arm-none-eabi/7.3.1/../../../../arm-none-eabi/lib/thumb/v6-m/libc_nano.a(lib_a-puts.o)
                              /home/ek-181/Klukin/RIOT/tests/leds/bin/stm32f0discovery/cortexm_common/vectors_cortexm.o (puts)
/usr/bin/../lib/gcc/arm-none-eabi/7.3.1/../../../../arm-none-eabi/lib/thumb/v6-m/libc_nano.a(lib_a-wbuf.o)
                              /usr/bin/../lib/gcc/arm-none-eabi/7.3.1/../../../../arm-none-eabi/lib/thumb/v6-m/libc_nano.a(lib_a-puts.o) (__swbuf_r)
/usr/bin/../lib/gcc/arm-none-eabi/7.3.1/../../../../arm-none-eabi/lib/thumb/v6-m/libc_nano.a(lib_a-wsetup.o)
                              /usr/bin/../lib/gcc/arm-none-eabi/7.3.1/../../../../arm-none-eabi/lib/thumb/v6-m/libc_nano.a(lib_a-puts.o) (__swsetup_r)
/usr/bin/../lib/gcc/arm-none-eabi/7.3.1/../../../../arm-none-eabi/lib/thumb/v6-m/libc_nano.a(lib_a-fflush.o)
                              /usr/bin/../lib/gcc/arm-none-eabi/7.3.1/../../../../arm-none-eabi/lib/thumb/v6-m/libc_nano.a(lib_a-wbuf.o) (_fflush_r)
/usr/bin/../lib/gcc/arm-none-eabi/7.3.1/../../../../arm-none-eabi/lib/thumb/v6-m/libc_nano.a(lib_a-findfp.o)
[...]
Memory Configuration

Name             Origin             Length             Attributes
ccmram           0x0000000010000000 0x0000000000000000
rom              0x0000000008000000 0x0000000000010000 xr
ram              0x0000000020000000 0x0000000000002000 w !xr
bkup-ram         0x0000000000000000 0x0000000000000000 w !xr
*default*        0x0000000000000000 0xffffffffffffffff

Linker script and memory map

LOAD /home/ek-181/Klukin/RIOT/tests/leds/bin/stm32f0discovery/application_tests_leds/main.o
LOAD /home/ek-181/Klukin/RIOT/tests/leds/bin/stm32f0discovery/auto_init/auto_init.o
LOAD /home/ek-181/Klukin/RIOT/tests/leds/bin/stm32f0discovery/board/board.o
LOAD /home/ek-181/Klukin/RIOT/tests/leds/bin/stm32f0discovery/core/assert.o
LOAD /home/ek-181/Klukin/RIOT/tests/leds/bin/stm32f0discovery/core/atomic_c11.o
LOAD /home/ek-181/Klukin/RIOT/tests/leds/bin/stm32f0discovery/core/atomic_sync.o
LOAD /home/ek-181/Klukin/RIOT/tests/leds/bin/stm32f0discovery/core/bitarithm.o
LOAD /home/ek-181/Klukin/RIOT/tests/leds/bin/stm32f0discovery/core/clist.o
LOAD /home/ek-181/Klukin/RIOT/tests/leds/bin/stm32f0discovery/core/cond.o
LOAD /home/ek-181/Klukin/RIOT/tests/leds/bin/stm32f0discovery/core/init.o
LOAD /home/ek-181/Klukin/RIOT/tests/leds/bin/stm32f0discovery/core/lifo.o
LOAD /home/ek-181/Klukin/RIOT/tests/leds/bin/stm32f0discovery/core/msg.o
LOAD /home/ek-181/Klukin/RIOT/tests/leds/bin/stm32f0discovery/core/mutex.o
LOAD /home/ek-181/Klukin/RIOT/tests/leds/bin/stm32f0discovery/core/panic.o
LOAD /home/ek-181/Klukin/RIOT/tests/leds/bin/stm32f0discovery/core/priority_queue.o
LOAD /home/ek-181/Klukin/RIOT/tests/leds/bin/stm32f0discovery/core/ringbuffer.o
LOAD /home/ek-181/Klukin/RIOT/tests/leds/bin/stm32f0discovery/core/rmutex.o
LOAD /home/ek-181/Klukin/RIOT/tests/leds/bin/stm32f0discovery/core/sched.o
LOAD /home/ek-181/Klukin/RIOT/tests/leds/bin/stm32f0discovery/core/thread.o
LOAD /home/ek-181/Klukin/RIOT/tests/leds/bin/stm32f0discovery/cortexm_common/cortexm_init.o
LOAD /home/ek-181/Klukin/RIOT/tests/leds/bin/stm32f0discovery/cortexm_common/mpu.o
LOAD /home/ek-181/Klukin/RIOT/tests/leds/bin/stm32f0discovery/cortexm_common/panic.o
LOAD /home/ek-181/Klukin/RIOT/tests/leds/bin/stm32f0discovery/cortexm_common/thread_arch.o
LOAD /home/ek-181/Klukin/RIOT/tests/leds/bin/stm32f0discovery/cortexm_common/vectors_cortexm.o
LOAD /home/ek-181/Klukin/RIOT/tests/leds/bin/stm32f0discovery/cortexm_common_periph/pm.o
LOAD /home/ek-181/Klukin/RIOT/tests/leds/bin/stm32f0discovery/cpu/cpu_common.o
LOAD /home/ek-181/Klukin/RIOT/tests/leds/bin/stm32f0discovery/cpu/cpu_init.o
LOAD /home/ek-181/Klukin/RIOT/tests/leds/bin/stm32f0discovery/newlib_syscalls_default/syscalls.o
LOAD /home/ek-181/Klukin/RIOT/tests/leds/bin/stm32f0discovery/periph/gpio_all.o
LOAD /home/ek-181/Klukin/RIOT/tests/leds/bin/stm32f0discovery/periph/pm.o
LOAD /home/ek-181/Klukin/RIOT/tests/leds/bin/stm32f0discovery/periph/uart.o
LOAD /home/ek-181/Klukin/RIOT/tests/leds/bin/stm32f0discovery/pm_layered/pm.o
LOAD /home/ek-181/Klukin/RIOT/tests/leds/bin/stm32f0discovery/stdio_uart/stdio_uart.o
LOAD /home/ek-181/Klukin/RIOT/tests/leds/bin/stm32f0discovery/stm32_clk/stmclk_common.o
LOAD /home/ek-181/Klukin/RIOT/tests/leds/bin/stm32f0discovery/stm32_clk/stmclk_f0f1f3.o
LOAD /home/ek-181/Klukin/RIOT/tests/leds/bin/stm32f0discovery/stm32_vectors/STM32F051x8.o
LOAD /home/ek-181/Klukin/RIOT/tests/leds/bin/stm32f0discovery/periph_common/cpuid.o
LOAD /home/ek-181/Klukin/RIOT/tests/leds/bin/stm32f0discovery/periph_common/eeprom.o
LOAD /home/ek-181/Klukin/RIOT/tests/leds/bin/stm32f0discovery/periph_common/flashpage.o
LOAD /home/ek-181/Klukin/RIOT/tests/leds/bin/stm32f0discovery/periph_common/gpio_util.o
LOAD /home/ek-181/Klukin/RIOT/tests/leds/bin/stm32f0discovery/periph_common/i2c.o
LOAD /home/ek-181/Klukin/RIOT/tests/leds/bin/stm32f0discovery/periph_common/init.o
LOAD /home/ek-181/Klukin/RIOT/tests/leds/bin/stm32f0discovery/periph_common/pm.o
LOAD /home/ek-181/Klukin/RIOT/tests/leds/bin/stm32f0discovery/periph_common/rtc.o
LOAD /home/ek-181/Klukin/RIOT/tests/leds/bin/stm32f0discovery/periph_common/spi.o
LOAD /home/ek-181/Klukin/RIOT/tests/leds/bin/stm32f0discovery/periph_common/timer.o
LOAD /usr/bin/../lib/gcc/arm-none-eabi/7.3.1/../../../../arm-none-eabi/lib/thumb/v6-m/libm.a
LOAD /usr/bin/../lib/gcc/arm-none-eabi/7.3.1/thumb/v6-m/libgcc.a
                0x0000000008000000                _rom_start_addr = 0x8000000
                0x0000000020000000                _ram_start_addr = 0x20000000
                0x0000000000010000                _rom_length = 0x10000
                0x0000000000002000                _ram_length = 0x2000
LOAD /usr/bin/../lib/gcc/arm-none-eabi/7.3.1/../../../../arm-none-eabi/lib/thumb/v6-m/libc_nano.a
START GROUP
LOAD /usr/bin/../lib/gcc/arm-none-eabi/7.3.1/thumb/v6-m/libgcc.a
LOAD /usr/bin/../lib/gcc/arm-none-eabi/7.3.1/../../../../arm-none-eabi/lib/thumb/v6-m/libg_nano.a
LOAD /usr/bin/../lib/gcc/arm-none-eabi/7.3.1/../../../../arm-none-eabi/lib/thumb/v6-m/libc_nano.a
END GROUP
START GROUP
LOAD /usr/bin/../lib/gcc/arm-none-eabi/7.3.1/thumb/v6-m/libgcc.a
LOAD /usr/bin/../lib/gcc/arm-none-eabi/7.3.1/../../../../arm-none-eabi/lib/thumb/v6-m/libc_nano.a
END GROUP
                0x0000000000000000                ccmram_length = DEFINED (ccmram_len)?ccmram_len:0x0
                0x0000000000000000                _rom_offset = DEFINED (_rom_offset)?_rom_offset:0x0
                0x0000000000010000                _fw_rom_length = DEFINED (_fw_rom_length)?_fw_rom_length:(_rom_length - _rom_offset)
                0x0000000000000001                ASSERT ((_fw_rom_length <= (_rom_length - _rom_offset)), Specified firmware size does not fit in ROM)
                0x0000000000000000                _backup_ram_start_addr = DEFINED (_backup_ram_start_addr)?_backup_ram_start_addr:0x0
                0x0000000000000000                _backup_ram_len = DEFINED (_backup_ram_len)?_backup_ram_len:0x0

.text           0x0000000008000000     0x2088
                0x0000000008000000                . = ALIGN (0x4)
                0x0000000008000000                _sfixed = .
                0x0000000008000000                _isr_vectors = DEFINED (_isr_vectors)?_isr_vectors:.
 *(SORT_BY_NAME(.vectors*))
 .vectors.0     0x0000000008000000       0x40 /home/ek-181/Klukin/RIOT/tests/leds/bin/stm32f0discovery/cortexm_common/vectors_cortexm.o
                0x0000000008000000                cortex_vector_base
 .vectors.1     0x0000000008000040       0x7c /home/ek-181/Klukin/RIOT/tests/leds/bin/stm32f0discovery/stm32_vectors/STM32F051x8.o
                0x0000000008000040                vector_cpu
 *(.text .text.* .gnu.linkonce.t.*)
 .text.dumb_delay
                0x00000000080000bc        0xe /home/ek-181/Klukin/RIOT/tests/leds/bin/stm32f0discovery/application_tests_leds/main.o
                0x00000000080000bc                dumb_delay
 *fill*         0x00000000080000ca        0x2 
 .text.startup.main
                0x00000000080000cc       0x9c /home/ek-181/Klukin/RIOT/tests/leds/bin/stm32f0discovery/application_tests_leds/main.o
                0x00000000080000cc                main
 .text.auto_init
                0x0000000008000168        0x2 /home/ek-181/Klukin/RIOT/tests/leds/bin/stm32f0discovery/auto_init/auto_init.o
                0x0000000008000168                auto_init
 *fill*         0x000000000800016a        0x2 
 .text.board_init
                0x000000000800016c       0x20 /home/ek-181/Klukin/RIOT/tests/leds/bin/stm32f0discovery/board/board.o
                0x000000000800016c                board_init
 .text.main_trampoline
                0x000000000800018c       0x18 /home/ek-181/Klukin/RIOT/tests/leds/bin/stm32f0discovery/core/init.o
 .text.kernel_init
                0x00000000080001a4       0x34 /home/ek-181/Klukin/RIOT/tests/leds/bin/stm32f0discovery/core/init.o
                0x00000000080001a4                kernel_init
 .text.panic_app
                0x00000000080001d8        0x2 /home/ek-181/Klukin/RIOT/tests/leds/bin/stm32f0discovery/core/panic.o
                0x00000000080001d8                panic_app
 *fill*         0x00000000080001da        0x2 
 .text.core_panic
                0x00000000080001dc       0x54 /home/ek-181/Klukin/RIOT/tests/leds/bin/stm32f0discovery/core/panic.o
                0x00000000080001dc                core_panic
 .text.sched_run
                0x0000000008000230       0x88 /home/ek-181/Klukin/RIOT/tests/leds/bin/stm32f0discovery/core/sched.o
                0x0000000008000230                sched_run
 .text.sched_set_status
                0x00000000080002b8       0x7c /home/ek-181/Klukin/RIOT/tests/leds/bin/stm32f0discovery/core/sched.o
                0x00000000080002b8                sched_set_status
 .text.sched_switch
                0x0000000008000334       0x34 /home/ek-181/Klukin/RIOT/tests/leds/bin/stm32f0discovery/core/sched.o
                0x0000000008000334                sched_switch
 .text.sched_task_exit
                0x0000000008000368       0x40 /home/ek-181/Klukin/RIOT/tests/leds/bin/stm32f0discovery/core/sched.o
                0x0000000008000368                sched_task_exit
 .text.thread_getname
                0x00000000080003a8       0x20 /home/ek-181/Klukin/RIOT/tests/leds/bin/stm32f0discovery/core/thread.o
                0x00000000080003a8                thread_getname
 .text.thread_create
                0x00000000080003c8       0xe4 /home/ek-181/Klukin/RIOT/tests/leds/bin/stm32f0discovery/core/thread.o
                0x00000000080003c8                thread_create
 .text.cortexm_init
                0x00000000080004ac       0x70 /home/ek-181/Klukin/RIOT/tests/leds/bin/stm32f0discovery/cortexm_common/cortexm_init.o
                0x00000000080004ac                cortexm_init
 .text.panic_arch
                0x000000000800051c       0x1c /home/ek-181/Klukin/RIOT/tests/leds/bin/stm32f0discovery/cortexm_common/panic.o
                0x000000000800051c                panic_arch
 .text.thread_stack_init
                0x0000000008000538       0x90 /home/ek-181/Klukin/RIOT/tests/leds/bin/stm32f0discovery/cortexm_common/thread_arch.o
                0x0000000008000538                thread_stack_init
 .text.cpu_switch_context_exit
                0x00000000080005c8        0x8 /home/ek-181/Klukin/RIOT/tests/leds/bin/stm32f0discovery/cortexm_common/thread_arch.o
                0x00000000080005c8                cpu_switch_context_exit
 .text.thread_yield_higher
                0x00000000080005d0       0x14 /home/ek-181/Klukin/RIOT/tests/leds/bin/stm32f0discovery/cortexm_common/thread_arch.o
                0x00000000080005d0                thread_yield_higher
 .text.isr_pendsv
                0x00000000080005e4       0x58 /home/ek-181/Klukin/RIOT/tests/leds/bin/stm32f0discovery/cortexm_common/thread_arch.o
                0x00000000080005e4                isr_pendsv
 .text.isr_svc  0x000000000800063c       0x10 /home/ek-181/Klukin/RIOT/tests/leds/bin/stm32f0discovery/cortexm_common/thread_arch.o
                0x000000000800063c                isr_svc
 .text.sched_arch_idle
                0x000000000800064c        0xc /home/ek-181/Klukin/RIOT/tests/leds/bin/stm32f0discovery/cortexm_common/thread_arch.o
                0x000000000800064c                sched_arch_idle
 .text.hard_fault_default
                0x0000000008000658       0x50 /home/ek-181/Klukin/RIOT/tests/leds/bin/stm32f0discovery/cortexm_common/vectors_cortexm.o
                0x0000000008000658                hard_fault_default
 .text.nmi_default
                0x00000000080006a8       0x10 /home/ek-181/Klukin/RIOT/tests/leds/bin/stm32f0discovery/cortexm_common/vectors_cortexm.o
                0x00000000080006a8                nmi_default
 .text.dummy_handler_default
                0x00000000080006b8       0x10 /home/ek-181/Klukin/RIOT/tests/leds/bin/stm32f0discovery/cortexm_common/vectors_cortexm.o
                0x00000000080006b8                dummy_handler_default
                0x00000000080006b8                isr_systick
 .text.pre_startup
                0x00000000080006c8        0x2 /home/ek-181/Klukin/RIOT/tests/leds/bin/stm32f0discovery/cortexm_common/vectors_cortexm.o
                0x00000000080006c8                pre_startup
 .text.post_startup
                0x00000000080006ca        0x2 /home/ek-181/Klukin/RIOT/tests/leds/bin/stm32f0discovery/cortexm_common/vectors_cortexm.o
                0x00000000080006ca                post_startup
 .text.reset_handler_default
                0x00000000080006cc       0x68 /home/ek-181/Klukin/RIOT/tests/leds/bin/stm32f0discovery/cortexm_common/vectors_cortexm.o
                0x00000000080006cc                reset_handler_default
 .text.hard_fault_handler
                0x0000000008000734      0x14c /home/ek-181/Klukin/RIOT/tests/leds/bin/stm32f0discovery/cortexm_common/vectors_cortexm.o
                0x0000000008000734                hard_fault_handler
 .text.periph_apb_clk
                0x0000000008000880        0x8 /home/ek-181/Klukin/RIOT/tests/leds/bin/stm32f0discovery/cpu/cpu_common.o
                0x0000000008000880                periph_apb_clk
 .text.periph_clk_en
                0x0000000008000888       0x34 /home/ek-181/Klukin/RIOT/tests/leds/bin/stm32f0discovery/cpu/cpu_common.o
                0x0000000008000888                periph_clk_en
 .text.cpu_init
                0x00000000080008bc       0x74 /home/ek-181/Klukin/RIOT/tests/leds/bin/stm32f0discovery/cpu/cpu_init.o
                0x00000000080008bc                cpu_init
 .text._init    0x0000000008000930        0x2 /home/ek-181/Klukin/RIOT/tests/leds/bin/stm32f0discovery/newlib_syscalls_default/syscalls.o
                0x0000000008000930                _init
 .text._fini    0x0000000008000932        0x2 /home/ek-181/Klukin/RIOT/tests/leds/bin/stm32f0discovery/newlib_syscalls_default/syscalls.o
                0x0000000008000932                _fini
 .text._sbrk_r  0x0000000008000934       0x3c /home/ek-181/Klukin/RIOT/tests/leds/bin/stm32f0discovery/newlib_syscalls_default/syscalls.o
                0x0000000008000934                _sbrk_r
 .text._read_r  0x0000000008000970        0xc /home/ek-181/Klukin/RIOT/tests/leds/bin/stm32f0discovery/newlib_syscalls_default/syscalls.o
                0x0000000008000970                _read_r
 .text._write_r
                0x000000000800097c        0xc /home/ek-181/Klukin/RIOT/tests/leds/bin/stm32f0discovery/newlib_syscalls_default/syscalls.o
                0x000000000800097c                _write_r
 .text._close_r
                0x0000000008000988        0xa /home/ek-181/Klukin/RIOT/tests/leds/bin/stm32f0discovery/newlib_syscalls_default/syscalls.o
                0x0000000008000988                _close_r
 .text._lseek_r
                0x0000000008000992        0xa /home/ek-181/Klukin/RIOT/tests/leds/bin/stm32f0discovery/newlib_syscalls_default/syscalls.o
                0x0000000008000992                _lseek_r
 .text._fstat_r
                0x000000000800099c        0xa /home/ek-181/Klukin/RIOT/tests/leds/bin/stm32f0discovery/newlib_syscalls_default/syscalls.o
                0x000000000800099c                _fstat_r
 .text._isatty_r
                0x00000000080009a6        0xe /home/ek-181/Klukin/RIOT/tests/leds/bin/stm32f0discovery/newlib_syscalls_default/syscalls.o
                0x00000000080009a6                _isatty_r
 .text.gpio_init
                0x00000000080009b4       0x70 /home/ek-181/Klukin/RIOT/tests/leds/bin/stm32f0discovery/periph/gpio_all.o
                0x00000000080009b4                gpio_init
 .text.gpio_init_af
                0x0000000008000a24       0x54 /home/ek-181/Klukin/RIOT/tests/leds/bin/stm32f0discovery/periph/gpio_all.o
                0x0000000008000a24                gpio_init_af
 .text.pm_set   0x0000000008000a78       0x6c /home/ek-181/Klukin/RIOT/tests/leds/bin/stm32f0discovery/periph/pm.o
                0x0000000008000a78                pm_set
 .text.pm_off   0x0000000008000ae4       0x10 /home/ek-181/Klukin/RIOT/tests/leds/bin/stm32f0discovery/periph/pm.o
                0x0000000008000ae4                pm_off
 .text.uart_enable_clock
                0x0000000008000af4       0x30 /home/ek-181/Klukin/RIOT/tests/leds/bin/stm32f0discovery/periph/uart.o
 .text.irq_handler
                0x0000000008000b24       0x4c /home/ek-181/Klukin/RIOT/tests/leds/bin/stm32f0discovery/periph/uart.o
 .text.uart_init
                0x0000000008000b70       0xa4 /home/ek-181/Klukin/RIOT/tests/leds/bin/stm32f0discovery/periph/uart.o
                0x0000000008000b70                uart_init
 .text.uart_write
                0x0000000008000c14       0x48 /home/ek-181/Klukin/RIOT/tests/leds/bin/stm32f0discovery/periph/uart.o
                0x0000000008000c14                uart_write
 .text.isr_usart1
                0x0000000008000c5c        0xa /home/ek-181/Klukin/RIOT/tests/leds/bin/stm32f0discovery/periph/uart.o
                0x0000000008000c5c                isr_usart1
 .text.isr_usart2
                0x0000000008000c66        0xa /home/ek-181/Klukin/RIOT/tests/leds/bin/stm32f0discovery/periph/uart.o
                0x0000000008000c66                isr_usart2
 .text.pm_set_lowest
                0x0000000008000c70       0x3c /home/ek-181/Klukin/RIOT/tests/leds/bin/stm32f0discovery/pm_layered/pm.o
                0x0000000008000c70                pm_set_lowest
 .text.pm_block
                0x0000000008000cac       0x2c /home/ek-181/Klukin/RIOT/tests/leds/bin/stm32f0discovery/pm_layered/pm.o
                0x0000000008000cac                pm_block
 .text.stdio_init
                0x0000000008000cd8       0x12 /home/ek-181/Klukin/RIOT/tests/leds/bin/stm32f0discovery/stdio_uart/stdio_uart.o
                0x0000000008000cd8                stdio_init
 .text.stdio_read
                0x0000000008000cea        0x6 /home/ek-181/Klukin/RIOT/tests/leds/bin/stm32f0discovery/stdio_uart/stdio_uart.o
                0x0000000008000cea                stdio_read
 .text.stdio_write
                0x0000000008000cf0       0x12 /home/ek-181/Klukin/RIOT/tests/leds/bin/stm32f0discovery/stdio_uart/stdio_uart.o
                0x0000000008000cf0                stdio_write
 *fill*         0x0000000008000d02        0x2 
 .text.stmclk_enable_hsi
                0x0000000008000d04       0x18 /home/ek-181/Klukin/RIOT/tests/leds/bin/stm32f0discovery/stm32_clk/stmclk_common.o
                0x0000000008000d04                stmclk_enable_hsi
 .text.stmclk_disable_hsi
                0x0000000008000d1c       0x18 /home/ek-181/Klukin/RIOT/tests/leds/bin/stm32f0discovery/stm32_clk/stmclk_common.o
                0x0000000008000d1c                stmclk_disable_hsi
 .text.stmclk_init_sysclk
                0x0000000008000d34       0x88 /home/ek-181/Klukin/RIOT/tests/leds/bin/stm32f0discovery/stm32_clk/stmclk_f0f1f3.o
                0x0000000008000d34                stmclk_init_sysclk
 .text.dummy_handler
                0x0000000008000dbc        0x8 /home/ek-181/Klukin/RIOT/tests/leds/bin/stm32f0discovery/stm32_vectors/STM32F051x8.o
                0x0000000008000dbc                isr_pvd
                0x0000000008000dbc                isr_i2c1
                0x0000000008000dbc                isr_tim16
                0x0000000008000dbc                isr_exti
                0x0000000008000dbc                isr_tsc
                0x0000000008000dbc                isr_cec_can
                0x0000000008000dbc                isr_dma1_channel4_5
                0x0000000008000dbc                isr_tim1_brk_up_trg_com
                0x0000000008000dbc                isr_i2c2
                0x0000000008000dbc                isr_tim2
                0x0000000008000dbc                isr_dma1_channel2_3
                0x0000000008000dbc                isr_spi2
                0x0000000008000dbc                isr_dma1_channel1
                0x0000000008000dbc                dummy_handler
                0x0000000008000dbc                isr_spi1
                0x0000000008000dbc                isr_rcc
                0x0000000008000dbc                isr_flash
                0x0000000008000dbc                isr_rtc
                0x0000000008000dbc                isr_tim1_cc
                0x0000000008000dbc                isr_tim14
                0x0000000008000dbc                isr_adc1_comp
                0x0000000008000dbc                isr_tim17
                0x0000000008000dbc                isr_tim6_dac
                0x0000000008000dbc                isr_tim3
                0x0000000008000dbc                isr_tim15
                0x0000000008000dbc                isr_wwdg
 .text.periph_init
                0x0000000008000dc4        0x2 /home/ek-181/Klukin/RIOT/tests/leds/bin/stm32f0discovery/periph_common/init.o
                0x0000000008000dc4                periph_init
 *fill*         0x0000000008000dc6        0x2 
 .text          0x0000000008000dc8      0x114 /usr/bin/../lib/gcc/arm-none-eabi/7.3.1/thumb/v6-m/libgcc.a(_udivsi3.o)
                0x0000000008000dc8                __udivsi3
                0x0000000008000dc8                __aeabi_uidiv
                0x0000000008000ed4                __aeabi_uidivmod
 .text          0x0000000008000edc        0x4 /usr/bin/../lib/gcc/arm-none-eabi/7.3.1/thumb/v6-m/libgcc.a(_dvmd_tls.o)
                0x0000000008000edc                __aeabi_ldiv0
                0x0000000008000edc                __aeabi_idiv0
 .text.__libc_init_array
                0x0000000008000ee0       0x48 /usr/bin/../lib/gcc/arm-none-eabi/7.3.1/../../../../arm-none-eabi/lib/thumb/v6-m/libc_nano.a(lib_a-init.o)
                0x0000000008000ee0                __libc_init_array
 .text.memset   0x0000000008000f28       0x10 /usr/bin/../lib/gcc/arm-none-eabi/7.3.1/../../../../arm-none-eabi/lib/thumb/v6-m/libc_nano.a(lib_a-memset.o)
                0x0000000008000f28                memset
 .text._malloc_r
                0x0000000008000f38       0xbc /usr/bin/../lib/gcc/arm-none-eabi/7.3.1/../../../../arm-none-eabi/lib/thumb/v6-m/libc_nano.a(lib_a-nano-mallocr.o)
                0x0000000008000f38                _malloc_r
 .text.printf   0x0000000008000ff4       0x34 /usr/bin/../lib/gcc/arm-none-eabi/7.3.1/../../../../arm-none-eabi/lib/thumb/v6-m/libc_nano.a(lib_a-printf.o)
                0x0000000008000ff4                printf
                0x0000000008000ff4                iprintf
 .text._puts_r  0x0000000008001028       0xc0 /usr/bin/../lib/gcc/arm-none-eabi/7.3.1/../../../../arm-none-eabi/lib/thumb/v6-m/libc_nano.a(lib_a-puts.o)
                0x0000000008001028                _puts_r
 .text.puts     0x00000000080010e8       0x14 /usr/bin/../lib/gcc/arm-none-eabi/7.3.1/../../../../arm-none-eabi/lib/thumb/v6-m/libc_nano.a(lib_a-puts.o)
                0x00000000080010e8                puts
 .text.__swbuf_r
                0x00000000080010fc       0xac /usr/bin/../lib/gcc/arm-none-eabi/7.3.1/../../../../arm-none-eabi/lib/thumb/v6-m/libc_nano.a(lib_a-wbuf.o)
                0x00000000080010fc                __swbuf_r
 .text.__swsetup_r
                0x00000000080011a8       0xec /usr/bin/../lib/gcc/arm-none-eabi/7.3.1/../../../../arm-none-eabi/lib/thumb/v6-m/libc_nano.a(lib_a-wsetup.o)
                0x00000000080011a8                __swsetup_r
 .text.__sflush_r
                0x0000000008001294      0x114 /usr/bin/../lib/gcc/arm-none-eabi/7.3.1/../../../../arm-none-eabi/lib/thumb/v6-m/libc_nano.a(lib_a-fflush.o)
                0x0000000008001294                __sflush_r
 .text._fflush_r
                0x00000000080013a8       0x58 /usr/bin/../lib/gcc/arm-none-eabi/7.3.1/../../../../arm-none-eabi/lib/thumb/v6-m/libc_nano.a(lib_a-fflush.o)
                0x00000000080013a8                _fflush_r
 .text.std      0x0000000008001400       0x48 /usr/bin/../lib/gcc/arm-none-eabi/7.3.1/../../../../arm-none-eabi/lib/thumb/v6-m/libc_nano.a(lib_a-findfp.o)
 .text._cleanup_r
                0x0000000008001448       0x10 /usr/bin/../lib/gcc/arm-none-eabi/7.3.1/../../../../arm-none-eabi/lib/thumb/v6-m/libc_nano.a(lib_a-findfp.o)
                0x0000000008001448                _cleanup_r
 .text.__sfmoreglue
                0x0000000008001458       0x2c /usr/bin/../lib/gcc/arm-none-eabi/7.3.1/../../../../arm-none-eabi/lib/thumb/v6-m/libc_nano.a(lib_a-findfp.o)
                0x0000000008001458                __sfmoreglue
 .text.__sinit  0x0000000008001484       0x68 /usr/bin/../lib/gcc/arm-none-eabi/7.3.1/../../../../arm-none-eabi/lib/thumb/v6-m/libc_nano.a(lib_a-findfp.o)
                0x0000000008001484                __sinit
 .text.__sfp    0x00000000080014ec       0x7c /usr/bin/../lib/gcc/arm-none-eabi/7.3.1/../../../../arm-none-eabi/lib/thumb/v6-m/libc_nano.a(lib_a-findfp.o)
                0x00000000080014ec                __sfp
 .text._fwalk_reent
                0x0000000008001568       0x42 /usr/bin/../lib/gcc/arm-none-eabi/7.3.1/../../../../arm-none-eabi/lib/thumb/v6-m/libc_nano.a(lib_a-fwalk.o)
                0x0000000008001568                _fwalk_reent
 *fill*         0x00000000080015aa        0x2 
 .text.__swhatbuf_r
                0x00000000080015ac       0x50 /usr/bin/../lib/gcc/arm-none-eabi/7.3.1/../../../../arm-none-eabi/lib/thumb/v6-m/libc_nano.a(lib_a-makebuf.o)
                0x00000000080015ac                __swhatbuf_r
 .text.__smakebuf_r
                0x00000000080015fc       0x88 /usr/bin/../lib/gcc/arm-none-eabi/7.3.1/../../../../arm-none-eabi/lib/thumb/v6-m/libc_nano.a(lib_a-makebuf.o)
                0x00000000080015fc                __smakebuf_r
 .text.__malloc_lock
                0x0000000008001684        0x2 /usr/bin/../lib/gcc/arm-none-eabi/7.3.1/../../../../arm-none-eabi/lib/thumb/v6-m/libc_nano.a(lib_a-mlock.o)
                0x0000000008001684                __malloc_lock
 .text.__malloc_unlock
                0x0000000008001686        0x2 /usr/bin/../lib/gcc/arm-none-eabi/7.3.1/../../../../arm-none-eabi/lib/thumb/v6-m/libc_nano.a(lib_a-mlock.o)
                0x0000000008001686                __malloc_unlock
 .text._free_r  0x0000000008001688       0x94 /usr/bin/../lib/gcc/arm-none-eabi/7.3.1/../../../../arm-none-eabi/lib/thumb/v6-m/libc_nano.a(lib_a-nano-freer.o)
                0x0000000008001688                _free_r
 .text.__sfputc_r
                0x000000000800171c       0x2a /usr/bin/../lib/gcc/arm-none-eabi/7.3.1/../../../../arm-none-eabi/lib/thumb/v6-m/libc_nano.a(lib_a-nano-vfprintf.o)
 .text.__sfputs_r
                0x0000000008001746       0x24 /usr/bin/../lib/gcc/arm-none-eabi/7.3.1/../../../../arm-none-eabi/lib/thumb/v6-m/libc_nano.a(lib_a-nano-vfprintf.o)
                0x0000000008001746                __sfputs_r
 *fill*         0x000000000800176a        0x2 
 .text._vfprintf_r
                0x000000000800176c      0x22c /usr/bin/../lib/gcc/arm-none-eabi/7.3.1/../../../../arm-none-eabi/lib/thumb/v6-m/libc_nano.a(lib_a-nano-vfprintf.o)
                0x000000000800176c                _vfiprintf_r
                0x000000000800176c                _vfprintf_r
 .text._printf_common
                0x0000000008001998       0xda /usr/bin/../lib/gcc/arm-none-eabi/7.3.1/../../../../arm-none-eabi/lib/thumb/v6-m/libc_nano.a(lib_a-nano-vfprintf_i.o)
                0x0000000008001998                _printf_common
 *fill*         0x0000000008001a72        0x2 
 .text._printf_i
                0x0000000008001a74      0x210 /usr/bin/../lib/gcc/arm-none-eabi/7.3.1/../../../../arm-none-eabi/lib/thumb/v6-m/libc_nano.a(lib_a-nano-vfprintf_i.o)
                0x0000000008001a74                _printf_i
 .text.__sread  0x0000000008001c84       0x28 /usr/bin/../lib/gcc/arm-none-eabi/7.3.1/../../../../arm-none-eabi/lib/thumb/v6-m/libc_nano.a(lib_a-stdio.o)
                0x0000000008001c84                __sread
 .text.__swrite
                0x0000000008001cac       0x38 /usr/bin/../lib/gcc/arm-none-eabi/7.3.1/../../../../arm-none-eabi/lib/thumb/v6-m/libc_nano.a(lib_a-stdio.o)
                0x0000000008001cac                __swrite
 .text.__sseek  0x0000000008001ce4       0x2c /usr/bin/../lib/gcc/arm-none-eabi/7.3.1/../../../../arm-none-eabi/lib/thumb/v6-m/libc_nano.a(lib_a-stdio.o)
                0x0000000008001ce4                __sseek
 .text.__sclose
                0x0000000008001d10        0xc /usr/bin/../lib/gcc/arm-none-eabi/7.3.1/../../../../arm-none-eabi/lib/thumb/v6-m/libc_nano.a(lib_a-stdio.o)
                0x0000000008001d10                __sclose
 .text.memchr   0x0000000008001d1c       0x16 /usr/bin/../lib/gcc/arm-none-eabi/7.3.1/../../../../arm-none-eabi/lib/thumb/v6-m/libc_nano.a(lib_a-memchr-stub.o)
                0x0000000008001d1c                memchr
 *(.glue_7t)
 .glue_7t       0x0000000008001d32        0x0 linker stubs
 *(.glue_7)
 .glue_7        0x0000000008001d32        0x0 linker stubs
 *(.rodata .rodata* .gnu.linkonce.r.*)
 .rodata.MultiplyDeBruijnBitPosition
                0x0000000008001d32       0x20 /home/ek-181/Klukin/RIOT/tests/leds/bin/stm32f0discovery/core/bitarithm.o
                0x0000000008001d32                MultiplyDeBruijnBitPosition
 .rodata.kernel_init.str1.1
                0x0000000008001d52        0x5 /home/ek-181/Klukin/RIOT/tests/leds/bin/stm32f0discovery/core/init.o
 .rodata.main_trampoline.str1.1
                0x0000000008001d57       0x3b /home/ek-181/Klukin/RIOT/tests/leds/bin/stm32f0discovery/core/init.o
 .rodata.assert_crash_message
                0x0000000008001d92       0x12 /home/ek-181/Klukin/RIOT/tests/leds/bin/stm32f0discovery/core/panic.o
                0x0000000008001d92                assert_crash_message
 .rodata.core_panic.str1.1
                0x0000000008001da4       0x2e /home/ek-181/Klukin/RIOT/tests/leds/bin/stm32f0discovery/core/panic.o
 .rodata.panic_arch.str1.1
                0x0000000008001dd2        0xf /home/ek-181/Klukin/RIOT/tests/leds/bin/stm32f0discovery/cortexm_common/panic.o
 .rodata.dummy_handler_default.str1.1
                0x0000000008001de1        0xe /home/ek-181/Klukin/RIOT/tests/leds/bin/stm32f0discovery/cortexm_common/vectors_cortexm.o
 .rodata.hard_fault_handler.str1.1
                0x0000000008001def      0x1ca /home/ek-181/Klukin/RIOT/tests/leds/bin/stm32f0discovery/cortexm_common/vectors_cortexm.o
 .rodata.nmi_default.str1.1
                0x0000000008001fb9        0xc /home/ek-181/Klukin/RIOT/tests/leds/bin/stm32f0discovery/cortexm_common/vectors_cortexm.o
 *fill*         0x0000000008001fc5        0x3 
 .rodata.uart_config
                0x0000000008001fc8       0x28 /home/ek-181/Klukin/RIOT/tests/leds/bin/stm32f0discovery/periph/uart.o
 .rodata._global_impure_ptr
                0x0000000008001ff0        0x4 /usr/bin/../lib/gcc/arm-none-eabi/7.3.1/../../../../arm-none-eabi/lib/thumb/v6-m/libc_nano.a(lib_a-impure.o)
                0x0000000008001ff0                _global_impure_ptr
 .rodata.__sf_fake_stderr
                0x0000000008001ff4       0x20 /usr/bin/../lib/gcc/arm-none-eabi/7.3.1/../../../../arm-none-eabi/lib/thumb/v6-m/libc_nano.a(lib_a-findfp.o)
                0x0000000008001ff4                __sf_fake_stderr
 .rodata.__sf_fake_stdin
                0x0000000008002014       0x20 /usr/bin/../lib/gcc/arm-none-eabi/7.3.1/../../../../arm-none-eabi/lib/thumb/v6-m/libc_nano.a(lib_a-findfp.o)
                0x0000000008002014                __sf_fake_stdin
 .rodata.__sf_fake_stdout
                0x0000000008002034       0x20 /usr/bin/../lib/gcc/arm-none-eabi/7.3.1/../../../../arm-none-eabi/lib/thumb/v6-m/libc_nano.a(lib_a-findfp.o)
                0x0000000008002034                __sf_fake_stdout
 .rodata._vfprintf_r.str1.1
                0x0000000008002054       0x11 /usr/bin/../lib/gcc/arm-none-eabi/7.3.1/../../../../arm-none-eabi/lib/thumb/v6-m/libc_nano.a(lib_a-nano-vfprintf.o)
 .rodata._printf_i.str1.1
                0x0000000008002065       0x22 /usr/bin/../lib/gcc/arm-none-eabi/7.3.1/../../../../arm-none-eabi/lib/thumb/v6-m/libc_nano.a(lib_a-nano-vfprintf_i.o)
 *(.ARM.extab* .gnu.linkonce.armextab.*)
                0x0000000008002088                . = ALIGN (0x4)
 *fill*         0x0000000008002087        0x1 
 *(.init)
                0x0000000008002088                . = ALIGN (0x4)
                0x0000000008002088                __preinit_array_start = .
 *(.preinit_array)
                0x0000000008002088                __preinit_array_end = .
                0x0000000008002088                . = ALIGN (0x4)
                0x0000000008002088                __init_array_start = .
 *(SORT_BY_NAME(.init_array.*))
 *(.init_array)
                0x0000000008002088                __init_array_end = .
                0x0000000008002088                . = ALIGN (0x4)
 *crtbegin.o(.ctors)
 *(EXCLUDE_FILE(*crtend.o) .ctors)
 *(SORT_BY_NAME(.ctors.*))
 *crtend.o(.ctors)
                0x0000000008002088                . = ALIGN (0x4)
 *(.fini)
                0x0000000008002088                . = ALIGN (0x4)
                0x0000000008002088                __fini_array_start = .
 *(.fini_array)
 *(SORT_BY_NAME(.fini_array.*))
                0x0000000008002088                __fini_array_end = .
 *crtbegin.o(.dtors)
 *(EXCLUDE_FILE(*crtend.o) .dtors)
 *(SORT_BY_NAME(.dtors.*))
 *crtend.o(.dtors)
                0x0000000008002088                . = ALIGN (0x4)
                0x0000000008002088                _efixed = .

.vfp11_veneer   0x0000000008002088        0x0
 .vfp11_veneer  0x0000000008002088        0x0 linker stubs

.v4_bx          0x0000000008002088        0x0
 .v4_bx         0x0000000008002088        0x0 linker stubs

.iplt           0x0000000008002088        0x0
 .iplt          0x0000000008002088        0x0 /home/ek-181/Klukin/RIOT/tests/leds/bin/stm32f0discovery/application_tests_leds/main.o

.igot.plt       0x0000000008002088        0x0
 .igot.plt      0x0000000008002088        0x0 /home/ek-181/Klukin/RIOT/tests/leds/bin/stm32f0discovery/application_tests_leds/main.o

.rel.dyn        0x0000000008002088        0x0
 .rel.iplt      0x0000000008002088        0x0 /home/ek-181/Klukin/RIOT/tests/leds/bin/stm32f0discovery/application_tests_leds/main.o

.tdata          0x0000000008002088        0x0
                0x0000000008002088                __tdata_start = .
 *(.tdata .tdata.* .gnu.linkonce.td.*)
                0x0000000008002088                __tdata_end = .
                0x0000000008002088                __tdata_source = LOADADDR (.tdata)
                0x0000000000000000                __tdata_size = SIZEOF (.tdata)

.tbss           0x0000000008002088        0x0
 *(.tbss .tbss.* .gnu.linkonce.tb.*)
 *(.tcommon)
                0x0000000008002088                __tbss_end = .
                0x0000000000000000                __tls_size = (__tbss_end - __tdata_start)
                0x0000000000000000                __tbss_size = (__tls_size - __tdata_size)
                [!provide]                        PROVIDE (__exidx_start = .)

.ARM.exidx
 *(.ARM.exidx* .gnu.linkonce.armexidx.*)
                [!provide]                        PROVIDE (__exidx_end = .)
                0x0000000008002088                . = ALIGN (0x4)

.eh_frame
 *(.eh_frame)
                0x0000000008002088                . = ALIGN (0x4)
                0x0000000008002088                _etext = .

.stack          0x0000000020000000      0x200
 *(.puf)
                0x0000000020000000                . = ALIGN (0x8)
                0x0000000020000000                _sstack = .
 *(.isr_stack)
 .isr_stack     0x0000000020000000      0x200 /home/ek-181/Klukin/RIOT/tests/leds/bin/stm32f0discovery/cortexm_common/vectors_cortexm.o
                0x0000000020000000                isr_stack
                0x0000000020000200                . = ALIGN (0x8)
                0x0000000020000200                _estack = .

.relocate       0x0000000020000200       0x70 load address 0x0000000008002088
                0x0000000020000200                . = ALIGN (0x4)
                0x0000000020000200                _srelocate = .
 *(.ramfunc .ramfunc.*)
 *(.data .data.*)
 .data.heap_top
                0x0000000020000200        0x4 /home/ek-181/Klukin/RIOT/tests/leds/bin/stm32f0discovery/newlib_syscalls_default/syscalls.o
 .data.pm_blocker
                0x0000000020000204        0x4 /home/ek-181/Klukin/RIOT/tests/leds/bin/stm32f0discovery/pm_layered/pm.o
 .data._impure_ptr
                0x0000000020000208        0x4 /usr/bin/../lib/gcc/arm-none-eabi/7.3.1/../../../../arm-none-eabi/lib/thumb/v6-m/libc_nano.a(lib_a-impure.o)
                0x0000000020000208                _impure_ptr
 .data.impure_data
                0x000000002000020c       0x60 /usr/bin/../lib/gcc/arm-none-eabi/7.3.1/../../../../arm-none-eabi/lib/thumb/v6-m/libc_nano.a(lib_a-impure.o)
 *(.openocd .openocd.*)
 .openocd       0x000000002000026c        0x2 /home/ek-181/Klukin/RIOT/tests/leds/bin/stm32f0discovery/core/sched.o
                0x000000002000026c                _tcb_name_offset
                0x000000002000026d                max_threads
                0x0000000020000270                . = ALIGN (0x4)
 *fill*         0x000000002000026e        0x2 
                0x0000000020000270                _erelocate = .

.bss            0x0000000020000270      0x6fc load address 0x00000000080020f8
                0x0000000020000270                . = ALIGN (0x4)
                0x0000000020000270                _sbss = .
                0x0000000020000270                _szero = .
 *(.bss .bss.*)
 .bss.main_stack
                0x0000000020000270      0x600 /home/ek-181/Klukin/RIOT/tests/leds/bin/stm32f0discovery/core/init.o
 .bss.crashed   0x0000000020000870        0x4 /home/ek-181/Klukin/RIOT/tests/leds/bin/stm32f0discovery/core/panic.o
 .bss.runqueue_bitcache
                0x0000000020000874        0x4 /home/ek-181/Klukin/RIOT/tests/leds/bin/stm32f0discovery/core/sched.o
 .bss.sched_active_pid
                0x0000000020000878        0x2 /home/ek-181/Klukin/RIOT/tests/leds/bin/stm32f0discovery/core/sched.o
                0x0000000020000878                sched_active_pid
 *fill*         0x000000002000087a        0x2 
 .bss.sched_active_thread
                0x000000002000087c        0x4 /home/ek-181/Klukin/RIOT/tests/leds/bin/stm32f0discovery/core/sched.o
                0x000000002000087c                sched_active_thread
 .bss.sched_context_switch_request
                0x0000000020000880        0x4 /home/ek-181/Klukin/RIOT/tests/leds/bin/stm32f0discovery/core/sched.o
                0x0000000020000880                sched_context_switch_request
 .bss.sched_num_threads
                0x0000000020000884        0x4 /home/ek-181/Klukin/RIOT/tests/leds/bin/stm32f0discovery/core/sched.o
                0x0000000020000884                sched_num_threads
 .bss.sched_runqueues
                0x0000000020000888       0x40 /home/ek-181/Klukin/RIOT/tests/leds/bin/stm32f0discovery/core/sched.o
                0x0000000020000888                sched_runqueues
 .bss.sched_threads
                0x00000000200008c8       0x84 /home/ek-181/Klukin/RIOT/tests/leds/bin/stm32f0discovery/core/sched.o
                0x00000000200008c8                sched_threads
 .bss.isr_ctx   0x000000002000094c       0x18 /home/ek-181/Klukin/RIOT/tests/leds/bin/stm32f0discovery/periph/uart.o
 .bss.__malloc_free_list
                0x0000000020000964        0x4 /usr/bin/../lib/gcc/arm-none-eabi/7.3.1/../../../../arm-none-eabi/lib/thumb/v6-m/libc_nano.a(lib_a-nano-mallocr.o)
                0x0000000020000964                __malloc_free_list
 .bss.__malloc_sbrk_start
                0x0000000020000968        0x4 /usr/bin/../lib/gcc/arm-none-eabi/7.3.1/../../../../arm-none-eabi/lib/thumb/v6-m/libc_nano.a(lib_a-nano-mallocr.o)
                0x0000000020000968                __malloc_sbrk_start
 *(COMMON)
                0x000000002000096c                . = ALIGN (0x4)
                0x000000002000096c                _ebss = .
                0x000000002000096c                _ezero = .

.noinit         0x000000002000096c        0x0 load address 0x00000000080020f8
                0x000000002000096c                __noinit_start = .
 *(.noinit)
                0x000000002000096c                . = ALIGN (0x4)
                0x000000002000096c                __noinit_end = .
                0x000000002000096c                . = ALIGN (0x4)
                0x000000002000096c                _sheap = .
                0x0000000020002000                _eheap = (ORIGIN (ram) + LENGTH (ram))
                0x0000000020000000                _sram = ORIGIN (ram)
                0x0000000020002000                _eram = (ORIGIN (ram) + LENGTH (ram))
                0x00000000080020f8                _sbackup_data_load = LOADADDR (.backup.data)

.backup.data    0x0000000000000000        0x0 load address 0x00000000080020f8
                0x0000000000000000                _sbackup_data = .
 *(.backup.data)
                0x0000000000000000                _ebackup_data = .
                0x0000000000000000                . = ALIGN (0x4)

.backup.bss     0x0000000000000000        0x0 load address 0x00000000080020f8
                0x0000000000000000                _sbackup_bss = .
 *(.backup.bss)
                0x0000000000000000                _ebackup_bss = .
                0x0000000000000000                . = ALIGN (0x4)

.heap3          0x0000000000000000        0x0 load address 0x00000000080020f8
                0x0000000000000000                _sheap1 = .
                0x0000000000000000                _eheap1 = (ORIGIN (bkup-ram) + LENGTH (bkup-ram))
OUTPUT(/home/ek-181/Klukin/RIOT/tests/leds/bin/stm32f0discovery/tests_leds.elf elf32-littlearm)

.debug_info     0x0000000000000000    0x190cc
 .debug_info    0x0000000000000000     0x1392 /home/ek-181/Klukin/RIOT/tests/leds/bin/stm32f0discovery/application_tests_leds/main.o
 .debug_info    0x0000000000001392      0xad8 /home/ek-181/Klukin/RIOT/tests/leds/bin/stm32f0discovery/auto_init/auto_init.o
 .debug_info    0x0000000000001e6a     0x124d /home/ek-181/Klukin/RIOT/tests/leds/bin/stm32f0discovery/board/board.o
 .debug_info    0x00000000000030b7      0x936 /home/ek-181/Klukin/RIOT/tests/leds/bin/stm32f0discovery/core/bitarithm.o
 .debug_info    0x00000000000039ed      0xdba /home/ek-181/Klukin/RIOT/tests/leds/bin/stm32f0discovery/core/init.o
 .debug_info    0x00000000000047a7      0xe1d /home/ek-181/Klukin/RIOT/tests/leds/bin/stm32f0discovery/core/panic.o
 .debug_info    0x00000000000055c4     0x1133 /home/ek-181/Klukin/RIOT/tests/leds/bin/stm32f0discovery/core/sched.o
 .debug_info    0x00000000000066f7     0x182a /home/ek-181/Klukin/RIOT/tests/leds/bin/stm32f0discovery/core/thread.o
 .debug_info    0x0000000000007f21      0xfdb /home/ek-181/Klukin/RIOT/tests/leds/bin/stm32f0discovery/cortexm_common/cortexm_init.o
 .debug_info    0x0000000000008efc      0xc9c /home/ek-181/Klukin/RIOT/tests/leds/bin/stm32f0discovery/cortexm_common/panic.o
 .debug_info    0x0000000000009b98     0x1058 /home/ek-181/Klukin/RIOT/tests/leds/bin/stm32f0discovery/cortexm_common/thread_arch.o
 .debug_info    0x000000000000abf0     0x11c4 /home/ek-181/Klukin/RIOT/tests/leds/bin/stm32f0discovery/cortexm_common/vectors_cortexm.o
 .debug_info    0x000000000000bdb4     0x137e /home/ek-181/Klukin/RIOT/tests/leds/bin/stm32f0discovery/cpu/cpu_common.o
 .debug_info    0x000000000000d132      0xee8 /home/ek-181/Klukin/RIOT/tests/leds/bin/stm32f0discovery/cpu/cpu_init.o
 .debug_info    0x000000000000e01a     0x1715 /home/ek-181/Klukin/RIOT/tests/leds/bin/stm32f0discovery/newlib_syscalls_default/syscalls.o
 .debug_info    0x000000000000f72f     0x188e /home/ek-181/Klukin/RIOT/tests/leds/bin/stm32f0discovery/periph/gpio_all.o
 .debug_info    0x0000000000010fbd      0xe8f /home/ek-181/Klukin/RIOT/tests/leds/bin/stm32f0discovery/periph/pm.o
 .debug_info    0x0000000000011e4c     0x1aa6 /home/ek-181/Klukin/RIOT/tests/leds/bin/stm32f0discovery/periph/uart.o
 .debug_info    0x00000000000138f2     0x1046 /home/ek-181/Klukin/RIOT/tests/leds/bin/stm32f0discovery/pm_layered/pm.o
 .debug_info    0x0000000000014938     0x1330 /home/ek-181/Klukin/RIOT/tests/leds/bin/stm32f0discovery/stdio_uart/stdio_uart.o
 .debug_info    0x0000000000015c68     0x12e5 /home/ek-181/Klukin/RIOT/tests/leds/bin/stm32f0discovery/stm32_clk/stmclk_common.o
 .debug_info    0x0000000000016f4d     0x1401 /home/ek-181/Klukin/RIOT/tests/leds/bin/stm32f0discovery/stm32_clk/stmclk_f0f1f3.o
 .debug_info    0x000000000001834e      0x1b1 /home/ek-181/Klukin/RIOT/tests/leds/bin/stm32f0discovery/stm32_vectors/STM32F051x8.o
 .debug_info    0x00000000000184ff      0xbcd /home/ek-181/Klukin/RIOT/tests/leds/bin/stm32f0discovery/periph_common/init.o

.debug_abbrev   0x0000000000000000     0x481b
 .debug_abbrev  0x0000000000000000      0x2c1 /home/ek-181/Klukin/RIOT/tests/leds/bin/stm32f0discovery/application_tests_leds/main.o
 .debug_abbrev  0x00000000000002c1      0x1ab /home/ek-181/Klukin/RIOT/tests/leds/bin/stm32f0discovery/auto_init/auto_init.o
 .debug_abbrev  0x000000000000046c      0x29c /home/ek-181/Klukin/RIOT/tests/leds/bin/stm32f0discovery/board/board.o
 .debug_abbrev  0x0000000000000708      0x1bf /home/ek-181/Klukin/RIOT/tests/leds/bin/stm32f0discovery/core/bitarithm.o
 .debug_abbrev  0x00000000000008c7      0x2af /home/ek-181/Klukin/RIOT/tests/leds/bin/stm32f0discovery/core/init.o
 .debug_abbrev  0x0000000000000b76      0x30b /home/ek-181/Klukin/RIOT/tests/leds/bin/stm32f0discovery/core/panic.o
 .debug_abbrev  0x0000000000000e81      0x3e8 /home/ek-181/Klukin/RIOT/tests/leds/bin/stm32f0discovery/core/sched.o
 .debug_abbrev  0x0000000000001269      0x42d /home/ek-181/Klukin/RIOT/tests/leds/bin/stm32f0discovery/core/thread.o
 .debug_abbrev  0x0000000000001696      0x357 /home/ek-181/Klukin/RIOT/tests/leds/bin/stm32f0discovery/cortexm_common/cortexm_init.o
 .debug_abbrev  0x00000000000019ed      0x293 /home/ek-181/Klukin/RIOT/tests/leds/bin/stm32f0discovery/cortexm_common/panic.o
 .debug_abbrev  0x0000000000001c80      0x3fd /home/ek-181/Klukin/RIOT/tests/leds/bin/stm32f0discovery/cortexm_common/thread_arch.o
 .debug_abbrev  0x000000000000207d      0x3cd /home/ek-181/Klukin/RIOT/tests/leds/bin/stm32f0discovery/cortexm_common/vectors_cortexm.o
 .debug_abbrev  0x000000000000244a      0x316 /home/ek-181/Klukin/RIOT/tests/leds/bin/stm32f0discovery/cpu/cpu_common.o
 .debug_abbrev  0x0000000000002760      0x2d6 /home/ek-181/Klukin/RIOT/tests/leds/bin/stm32f0discovery/cpu/cpu_init.o
 .debug_abbrev  0x0000000000002a36      0x47b /home/ek-181/Klukin/RIOT/tests/leds/bin/stm32f0discovery/newlib_syscalls_default/syscalls.o
 .debug_abbrev  0x0000000000002eb1      0x388 /home/ek-181/Klukin/RIOT/tests/leds/bin/stm32f0discovery/periph/gpio_all.o
 .debug_abbrev  0x0000000000003239      0x322 /home/ek-181/Klukin/RIOT/tests/leds/bin/stm32f0discovery/periph/pm.o
 .debug_abbrev  0x000000000000355b      0x475 /home/ek-181/Klukin/RIOT/tests/leds/bin/stm32f0discovery/periph/uart.o
 .debug_abbrev  0x00000000000039d0      0x319 /home/ek-181/Klukin/RIOT/tests/leds/bin/stm32f0discovery/pm_layered/pm.o
 .debug_abbrev  0x0000000000003ce9      0x2f2 /home/ek-181/Klukin/RIOT/tests/leds/bin/stm32f0discovery/stdio_uart/stdio_uart.o
 .debug_abbrev  0x0000000000003fdb      0x25a /home/ek-181/Klukin/RIOT/tests/leds/bin/stm32f0discovery/stm32_clk/stmclk_common.o
 .debug_abbrev  0x0000000000004235      0x2ec /home/ek-181/Klukin/RIOT/tests/leds/bin/stm32f0discovery/stm32_clk/stmclk_f0f1f3.o
 .debug_abbrev  0x0000000000004521       0xcd /home/ek-181/Klukin/RIOT/tests/leds/bin/stm32f0discovery/stm32_vectors/STM32F051x8.o
 .debug_abbrev  0x00000000000045ee      0x22d /home/ek-181/Klukin/RIOT/tests/leds/bin/stm32f0discovery/periph_common/init.o

.debug_loc      0x0000000000000000     0x1f6d
 .debug_loc     0x0000000000000000       0x1f /home/ek-181/Klukin/RIOT/tests/leds/bin/stm32f0discovery/application_tests_leds/main.o
 .debug_loc     0x000000000000001f      0x133 /home/ek-181/Klukin/RIOT/tests/leds/bin/stm32f0discovery/core/bitarithm.o
 .debug_loc     0x0000000000000152       0x21 /home/ek-181/Klukin/RIOT/tests/leds/bin/stm32f0discovery/core/init.o
 .debug_loc     0x0000000000000173       0x52 /home/ek-181/Klukin/RIOT/tests/leds/bin/stm32f0discovery/core/panic.o
 .debug_loc     0x00000000000001c5      0x208 /home/ek-181/Klukin/RIOT/tests/leds/bin/stm32f0discovery/core/sched.o
 .debug_loc     0x00000000000003cd      0x531 /home/ek-181/Klukin/RIOT/tests/leds/bin/stm32f0discovery/core/thread.o
 .debug_loc     0x00000000000008fe       0xa9 /home/ek-181/Klukin/RIOT/tests/leds/bin/stm32f0discovery/cortexm_common/cortexm_init.o
 .debug_loc     0x00000000000009a7       0x20 /home/ek-181/Klukin/RIOT/tests/leds/bin/stm32f0discovery/cortexm_common/panic.o
 .debug_loc     0x00000000000009c7      0x309 /home/ek-181/Klukin/RIOT/tests/leds/bin/stm32f0discovery/cortexm_common/thread_arch.o
 .debug_loc     0x0000000000000cd0      0x2b7 /home/ek-181/Klukin/RIOT/tests/leds/bin/stm32f0discovery/cortexm_common/vectors_cortexm.o
 .debug_loc     0x0000000000000f87       0xae /home/ek-181/Klukin/RIOT/tests/leds/bin/stm32f0discovery/cpu/cpu_common.o
 .debug_loc     0x0000000000001035       0xd0 /home/ek-181/Klukin/RIOT/tests/leds/bin/stm32f0discovery/cpu/cpu_init.o
 .debug_loc     0x0000000000001105      0x409 /home/ek-181/Klukin/RIOT/tests/leds/bin/stm32f0discovery/newlib_syscalls_default/syscalls.o
 .debug_loc     0x000000000000150e      0x3fc /home/ek-181/Klukin/RIOT/tests/leds/bin/stm32f0discovery/periph/gpio_all.o
 .debug_loc     0x000000000000190a       0x7f /home/ek-181/Klukin/RIOT/tests/leds/bin/stm32f0discovery/periph/pm.o
 .debug_loc     0x0000000000001989      0x491 /home/ek-181/Klukin/RIOT/tests/leds/bin/stm32f0discovery/periph/uart.o
 .debug_loc     0x0000000000001e1a       0xbf /home/ek-181/Klukin/RIOT/tests/leds/bin/stm32f0discovery/pm_layered/pm.o
 .debug_loc     0x0000000000001ed9       0x81 /home/ek-181/Klukin/RIOT/tests/leds/bin/stm32f0discovery/stdio_uart/stdio_uart.o
 .debug_loc     0x0000000000001f5a       0x13 /home/ek-181/Klukin/RIOT/tests/leds/bin/stm32f0discovery/stm32_clk/stmclk_f0f1f3.o

.debug_aranges  0x0000000000000000      0x630
 .debug_aranges
                0x0000000000000000       0x30 /home/ek-181/Klukin/RIOT/tests/leds/bin/stm32f0discovery/application_tests_leds/main.o
 .debug_aranges
                0x0000000000000030       0x20 /home/ek-181/Klukin/RIOT/tests/leds/bin/stm32f0discovery/auto_init/auto_init.o
 .debug_aranges
                0x0000000000000050       0x28 /home/ek-181/Klukin/RIOT/tests/leds/bin/stm32f0discovery/board/board.o
 .debug_aranges
                0x0000000000000078       0x28 /home/ek-181/Klukin/RIOT/tests/leds/bin/stm32f0discovery/core/bitarithm.o
 .debug_aranges
                0x00000000000000a0       0x30 /home/ek-181/Klukin/RIOT/tests/leds/bin/stm32f0discovery/core/init.o
 .debug_aranges
                0x00000000000000d0       0x38 /home/ek-181/Klukin/RIOT/tests/leds/bin/stm32f0discovery/core/panic.o
 .debug_aranges
                0x0000000000000108       0x40 /home/ek-181/Klukin/RIOT/tests/leds/bin/stm32f0discovery/core/sched.o
 .debug_aranges
                0x0000000000000148       0x70 /home/ek-181/Klukin/RIOT/tests/leds/bin/stm32f0discovery/core/thread.o
 .debug_aranges
                0x00000000000001b8       0x30 /home/ek-181/Klukin/RIOT/tests/leds/bin/stm32f0discovery/cortexm_common/cortexm_init.o
 .debug_aranges
                0x00000000000001e8       0x28 /home/ek-181/Klukin/RIOT/tests/leds/bin/stm32f0discovery/cortexm_common/panic.o
 .debug_aranges
                0x0000000000000210       0x70 /home/ek-181/Klukin/RIOT/tests/leds/bin/stm32f0discovery/cortexm_common/thread_arch.o
 .debug_aranges
                0x0000000000000280       0x50 /home/ek-181/Klukin/RIOT/tests/leds/bin/stm32f0discovery/cortexm_common/vectors_cortexm.o
 .debug_aranges
                0x00000000000002d0       0x40 /home/ek-181/Klukin/RIOT/tests/leds/bin/stm32f0discovery/cpu/cpu_common.o
 .debug_aranges
                0x0000000000000310       0x28 /home/ek-181/Klukin/RIOT/tests/leds/bin/stm32f0discovery/cpu/cpu_init.o
 .debug_aranges
                0x0000000000000338       0xc0 /home/ek-181/Klukin/RIOT/tests/leds/bin/stm32f0discovery/newlib_syscalls_default/syscalls.o
 .debug_aranges
                0x00000000000003f8       0x70 /home/ek-181/Klukin/RIOT/tests/leds/bin/stm32f0discovery/periph/gpio_all.o
 .debug_aranges
                0x0000000000000468       0x30 /home/ek-181/Klukin/RIOT/tests/leds/bin/stm32f0discovery/periph/pm.o
 .debug_aranges
                0x0000000000000498       0x60 /home/ek-181/Klukin/RIOT/tests/leds/bin/stm32f0discovery/periph/uart.o
 .debug_aranges
                0x00000000000004f8       0x40 /home/ek-181/Klukin/RIOT/tests/leds/bin/stm32f0discovery/pm_layered/pm.o
 .debug_aranges
                0x0000000000000538       0x38 /home/ek-181/Klukin/RIOT/tests/leds/bin/stm32f0discovery/stdio_uart/stdio_uart.o
 .debug_aranges
                0x0000000000000570       0x50 /home/ek-181/Klukin/RIOT/tests/leds/bin/stm32f0discovery/stm32_clk/stmclk_common.o
 .debug_aranges
                0x00000000000005c0       0x28 /home/ek-181/Klukin/RIOT/tests/leds/bin/stm32f0discovery/stm32_clk/stmclk_f0f1f3.o
 .debug_aranges
                0x00000000000005e8       0x20 /home/ek-181/Klukin/RIOT/tests/leds/bin/stm32f0discovery/stm32_vectors/STM32F051x8.o
 .debug_aranges
                0x0000000000000608       0x28 /home/ek-181/Klukin/RIOT/tests/leds/bin/stm32f0discovery/periph_common/init.o

.debug_ranges   0x0000000000000000      0x9a0
 .debug_ranges  0x0000000000000000       0x38 /home/ek-181/Klukin/RIOT/tests/leds/bin/stm32f0discovery/application_tests_leds/main.o
 .debug_ranges  0x0000000000000038       0x10 /home/ek-181/Klukin/RIOT/tests/leds/bin/stm32f0discovery/auto_init/auto_init.o
 .debug_ranges  0x0000000000000048       0x18 /home/ek-181/Klukin/RIOT/tests/leds/bin/stm32f0discovery/board/board.o
 .debug_ranges  0x0000000000000060       0x18 /home/ek-181/Klukin/RIOT/tests/leds/bin/stm32f0discovery/core/bitarithm.o
 .debug_ranges  0x0000000000000078       0x20 /home/ek-181/Klukin/RIOT/tests/leds/bin/stm32f0discovery/core/init.o
 .debug_ranges  0x0000000000000098       0x28 /home/ek-181/Klukin/RIOT/tests/leds/bin/stm32f0discovery/core/panic.o
 .debug_ranges  0x00000000000000c0       0xf0 /home/ek-181/Klukin/RIOT/tests/leds/bin/stm32f0discovery/core/sched.o
 .debug_ranges  0x00000000000001b0       0xd8 /home/ek-181/Klukin/RIOT/tests/leds/bin/stm32f0discovery/core/thread.o
 .debug_ranges  0x0000000000000288       0xa8 /home/ek-181/Klukin/RIOT/tests/leds/bin/stm32f0discovery/cortexm_common/cortexm_init.o
 .debug_ranges  0x0000000000000330       0x18 /home/ek-181/Klukin/RIOT/tests/leds/bin/stm32f0discovery/cortexm_common/panic.o
 .debug_ranges  0x0000000000000348       0x78 /home/ek-181/Klukin/RIOT/tests/leds/bin/stm32f0discovery/cortexm_common/thread_arch.o
 .debug_ranges  0x00000000000003c0       0x58 /home/ek-181/Klukin/RIOT/tests/leds/bin/stm32f0discovery/cortexm_common/vectors_cortexm.o
 .debug_ranges  0x0000000000000418       0x30 /home/ek-181/Klukin/RIOT/tests/leds/bin/stm32f0discovery/cpu/cpu_common.o
 .debug_ranges  0x0000000000000448       0x40 /home/ek-181/Klukin/RIOT/tests/leds/bin/stm32f0discovery/cpu/cpu_init.o
 .debug_ranges  0x0000000000000488      0x110 /home/ek-181/Klukin/RIOT/tests/leds/bin/stm32f0discovery/newlib_syscalls_default/syscalls.o
 .debug_ranges  0x0000000000000598      0x1c0 /home/ek-181/Klukin/RIOT/tests/leds/bin/stm32f0discovery/periph/gpio_all.o
 .debug_ranges  0x0000000000000758       0x40 /home/ek-181/Klukin/RIOT/tests/leds/bin/stm32f0discovery/periph/pm.o
 .debug_ranges  0x0000000000000798      0x130 /home/ek-181/Klukin/RIOT/tests/leds/bin/stm32f0discovery/periph/uart.o
 .debug_ranges  0x00000000000008c8       0x30 /home/ek-181/Klukin/RIOT/tests/leds/bin/stm32f0discovery/pm_layered/pm.o
 .debug_ranges  0x00000000000008f8       0x28 /home/ek-181/Klukin/RIOT/tests/leds/bin/stm32f0discovery/stdio_uart/stdio_uart.o
 .debug_ranges  0x0000000000000920       0x40 /home/ek-181/Klukin/RIOT/tests/leds/bin/stm32f0discovery/stm32_clk/stmclk_common.o
 .debug_ranges  0x0000000000000960       0x18 /home/ek-181/Klukin/RIOT/tests/leds/bin/stm32f0discovery/stm32_clk/stmclk_f0f1f3.o
 .debug_ranges  0x0000000000000978       0x10 /home/ek-181/Klukin/RIOT/tests/leds/bin/stm32f0discovery/stm32_vectors/STM32F051x8.o
 .debug_ranges  0x0000000000000988       0x18 /home/ek-181/Klukin/RIOT/tests/leds/bin/stm32f0discovery/periph_common/init.o

.debug_macro    0x0000000000000000    0x20606
 .debug_macro   0x0000000000000000      0x33d /home/ek-181/Klukin/RIOT/tests/leds/bin/stm32f0discovery/application_tests_leds/main.o
 .debug_macro   0x000000000000033d      0xa9c /home/ek-181/Klukin/RIOT/tests/leds/bin/stm32f0discovery/application_tests_leds/main.o
 .debug_macro   0x0000000000000dd9      0x106 /home/ek-181/Klukin/RIOT/tests/leds/bin/stm32f0discovery/application_tests_leds/main.o
 .debug_macro   0x0000000000000edf       0x22 /home/ek-181/Klukin/RIOT/tests/leds/bin/stm32f0discovery/application_tests_leds/main.o
 .debug_macro   0x0000000000000f01       0x40 /home/ek-181/Klukin/RIOT/tests/leds/bin/stm32f0discovery/application_tests_leds/main.o
 .debug_macro   0x0000000000000f41       0x18 /home/ek-181/Klukin/RIOT/tests/leds/bin/stm32f0discovery/application_tests_leds/main.o
 .debug_macro   0x0000000000000f59       0x5c /home/ek-181/Klukin/RIOT/tests/leds/bin/stm32f0discovery/application_tests_leds/main.o
 .debug_macro   0x0000000000000fb5       0x3c /home/ek-181/Klukin/RIOT/tests/leds/bin/stm32f0discovery/application_tests_leds/main.o
 .debug_macro   0x0000000000000ff1       0x34 /home/ek-181/Klukin/RIOT/tests/leds/bin/stm32f0discovery/application_tests_leds/main.o
 .debug_macro   0x0000000000001025       0x16 /home/ek-181/Klukin/RIOT/tests/leds/bin/stm32f0discovery/application_tests_leds/main.o
 .debug_macro   0x000000000000103b       0x57 /home/ek-181/Klukin/RIOT/tests/leds/bin/stm32f0discovery/application_tests_leds/main.o
 .debug_macro   0x0000000000001092       0x97 /home/ek-181/Klukin/RIOT/tests/leds/bin/stm32f0discovery/application_tests_leds/main.o
 .debug_macro   0x0000000000001129      0x353 /home/ek-181/Klukin/RIOT/tests/leds/bin/stm32f0discovery/application_tests_leds/main.o
 .debug_macro   0x000000000000147c       0xf6 /home/ek-181/Klukin/RIOT/tests/leds/bin/stm32f0discovery/application_tests_leds/main.o
 .debug_macro   0x0000000000001572       0x10 /home/ek-181/Klukin/RIOT/tests/leds/bin/stm32f0discovery/application_tests_leds/main.o
 .debug_macro   0x0000000000001582       0x52 /home/ek-181/Klukin/RIOT/tests/leds/bin/stm32f0discovery/application_tests_leds/main.o
 .debug_macro   0x00000000000015d4       0x1f /home/ek-181/Klukin/RIOT/tests/leds/bin/stm32f0discovery/application_tests_leds/main.o
 .debug_macro   0x00000000000015f3       0x43 /home/ek-181/Klukin/RIOT/tests/leds/bin/stm32f0discovery/application_tests_leds/main.o
 .debug_macro   0x0000000000001636       0x20 /home/ek-181/Klukin/RIOT/tests/leds/bin/stm32f0discovery/application_tests_leds/main.o
 .debug_macro   0x0000000000001656      0x1a3 /home/ek-181/Klukin/RIOT/tests/leds/bin/stm32f0discovery/application_tests_leds/main.o
 .debug_macro   0x00000000000017f9       0x10 /home/ek-181/Klukin/RIOT/tests/leds/bin/stm32f0discovery/application_tests_leds/main.o
 .debug_macro   0x0000000000001809       0x6a /home/ek-181/Klukin/RIOT/tests/leds/bin/stm32f0discovery/application_tests_leds/main.o
 .debug_macro   0x0000000000001873       0xb6 /home/ek-181/Klukin/RIOT/tests/leds/bin/stm32f0discovery/application_tests_leds/main.o
 .debug_macro   0x0000000000001929       0x16 /home/ek-181/Klukin/RIOT/tests/leds/bin/stm32f0discovery/application_tests_leds/main.o
 .debug_macro   0x000000000000193f      0x114 /home/ek-181/Klukin/RIOT/tests/leds/bin/stm32f0discovery/application_tests_leds/main.o
 .debug_macro   0x0000000000001a53       0xef /home/ek-181/Klukin/RIOT/tests/leds/bin/stm32f0discovery/application_tests_leds/main.o
 .debug_macro   0x0000000000001b42      0x1df /home/ek-181/Klukin/RIOT/tests/leds/bin/stm32f0discovery/application_tests_leds/main.o
 .debug_macro   0x0000000000001d21       0x2b /home/ek-181/Klukin/RIOT/tests/leds/bin/stm32f0discovery/application_tests_leds/main.o
 .debug_macro   0x0000000000001d4c       0xee /home/ek-181/Klukin/RIOT/tests/leds/bin/stm32f0discovery/application_tests_leds/main.o
 .debug_macro   0x0000000000001e3a       0x22 /home/ek-181/Klukin/RIOT/tests/leds/bin/stm32f0discovery/application_tests_leds/main.o
 .debug_macro   0x0000000000001e5c       0x43 /home/ek-181/Klukin/RIOT/tests/leds/bin/stm32f0discovery/application_tests_leds/main.o
 .debug_macro   0x0000000000001e9f       0x2e /home/ek-181/Klukin/RIOT/tests/leds/bin/stm32f0discovery/application_tests_leds/main.o
 .debug_macro   0x0000000000001ecd       0x22 /home/ek-181/Klukin/RIOT/tests/leds/bin/stm32f0discovery/application_tests_leds/main.o
 .debug_macro   0x0000000000001eef       0x1c /home/ek-181/Klukin/RIOT/tests/leds/bin/stm32f0discovery/application_tests_leds/main.o
 .debug_macro   0x0000000000001f0b       0x22 /home/ek-181/Klukin/RIOT/tests/leds/bin/stm32f0discovery/application_tests_leds/main.o
 .debug_macro   0x0000000000001f2d       0xaf /home/ek-181/Klukin/RIOT/tests/leds/bin/stm32f0discovery/application_tests_leds/main.o
 .debug_macro   0x0000000000001fdc      0x391 /home/ek-181/Klukin/RIOT/tests/leds/bin/stm32f0discovery/application_tests_leds/main.o
 .debug_macro   0x000000000000236d     0x8cdd /home/ek-181/Klukin/RIOT/tests/leds/bin/stm32f0discovery/application_tests_leds/main.o
 .debug_macro   0x000000000000b04a       0x3c /home/ek-181/Klukin/RIOT/tests/leds/bin/stm32f0discovery/application_tests_leds/main.o
 .debug_macro   0x000000000000b086       0x10 /home/ek-181/Klukin/RIOT/tests/leds/bin/stm32f0discovery/application_tests_leds/main.o
 .debug_macro   0x000000000000b096       0x28 /home/ek-181/Klukin/RIOT/tests/leds/bin/stm32f0discovery/application_tests_leds/main.o
 .debug_macro   0x000000000000b0be       0x60 /home/ek-181/Klukin/RIOT/tests/leds/bin/stm32f0discovery/application_tests_leds/main.o
 .debug_macro   0x000000000000b11e       0x10 /home/ek-181/Klukin/RIOT/tests/leds/bin/stm32f0discovery/application_tests_leds/main.o
 .debug_macro   0x000000000000b12e       0x35 /home/ek-181/Klukin/RIOT/tests/leds/bin/stm32f0discovery/application_tests_leds/main.o
 .debug_macro   0x000000000000b163      0x460 /home/ek-181/Klukin/RIOT/tests/leds/bin/stm32f0discovery/application_tests_leds/main.o
 .debug_macro   0x000000000000b5c3       0x28 /home/ek-181/Klukin/RIOT/tests/leds/bin/stm32f0discovery/application_tests_leds/main.o
 .debug_macro   0x000000000000b5eb       0x18 /home/ek-181/Klukin/RIOT/tests/leds/bin/stm32f0discovery/application_tests_leds/main.o
 .debug_macro   0x000000000000b603       0x10 /home/ek-181/Klukin/RIOT/tests/leds/bin/stm32f0discovery/application_tests_leds/main.o
 .debug_macro   0x000000000000b613       0x12 /home/ek-181/Klukin/RIOT/tests/leds/bin/stm32f0discovery/application_tests_leds/main.o
 .debug_macro   0x000000000000b625       0x66 /home/ek-181/Klukin/RIOT/tests/leds/bin/stm32f0discovery/application_tests_leds/main.o
 .debug_macro   0x000000000000b68b       0x16 /home/ek-181/Klukin/RIOT/tests/leds/bin/stm32f0discovery/application_tests_leds/main.o
 .debug_macro   0x000000000000b6a1       0x2e /home/ek-181/Klukin/RIOT/tests/leds/bin/stm32f0discovery/application_tests_leds/main.o
 .debug_macro   0x000000000000b6cf       0x16 /home/ek-181/Klukin/RIOT/tests/leds/bin/stm32f0discovery/application_tests_leds/main.o
 .debug_macro   0x000000000000b6e5      0x1c1 /home/ek-181/Klukin/RIOT/tests/leds/bin/stm32f0discovery/application_tests_leds/main.o
 .debug_macro   0x000000000000b8a6       0x10 /home/ek-181/Klukin/RIOT/tests/leds/bin/stm32f0discovery/application_tests_leds/main.o
 .debug_macro   0x000000000000b8b6       0x67 /home/ek-181/Klukin/RIOT/tests/leds/bin/stm32f0discovery/application_tests_leds/main.o
 .debug_macro   0x000000000000b91d       0x2f /home/ek-181/Klukin/RIOT/tests/leds/bin/stm32f0discovery/application_tests_leds/main.o
 .debug_macro   0x000000000000b94c       0x58 /home/ek-181/Klukin/RIOT/tests/leds/bin/stm32f0discovery/application_tests_leds/main.o
 .debug_macro   0x000000000000b9a4      0x186 /home/ek-181/Klukin/RIOT/tests/leds/bin/stm32f0discovery/auto_init/auto_init.o
 .debug_macro   0x000000000000bb2a      0xa9c /home/ek-181/Klukin/RIOT/tests/leds/bin/stm32f0discovery/auto_init/auto_init.o
 .debug_macro   0x000000000000c5c6       0x56 /home/ek-181/Klukin/RIOT/tests/leds/bin/stm32f0discovery/auto_init/auto_init.o
 .debug_macro   0x000000000000c61c       0x51 /home/ek-181/Klukin/RIOT/tests/leds/bin/stm32f0discovery/auto_init/auto_init.o
 .debug_macro   0x000000000000c66d       0x46 /home/ek-181/Klukin/RIOT/tests/leds/bin/stm32f0discovery/auto_init/auto_init.o
 .debug_macro   0x000000000000c6b3       0x34 /home/ek-181/Klukin/RIOT/tests/leds/bin/stm32f0discovery/auto_init/auto_init.o
 .debug_macro   0x000000000000c6e7      0x337 /home/ek-181/Klukin/RIOT/tests/leds/bin/stm32f0discovery/board/board.o
 .debug_macro   0x000000000000ca1e      0xa9c /home/ek-181/Klukin/RIOT/tests/leds/bin/stm32f0discovery/board/board.o
 .debug_macro   0x000000000000d4ba       0x52 /home/ek-181/Klukin/RIOT/tests/leds/bin/stm32f0discovery/board/board.o
 .debug_macro   0x000000000000d50c      0x1db /home/ek-181/Klukin/RIOT/tests/leds/bin/stm32f0discovery/core/bitarithm.o
 .debug_macro   0x000000000000d6e7      0xa9c /home/ek-181/Klukin/RIOT/tests/leds/bin/stm32f0discovery/core/bitarithm.o
 .debug_macro   0x000000000000e183       0xd6 /home/ek-181/Klukin/RIOT/tests/leds/bin/stm32f0discovery/core/bitarithm.o
 .debug_macro   0x000000000000e259      0x384 /home/ek-181/Klukin/RIOT/tests/leds/bin/stm32f0discovery/core/init.o
 .debug_macro   0x000000000000e5dd      0xa9c /home/ek-181/Klukin/RIOT/tests/leds/bin/stm32f0discovery/core/init.o
 .debug_macro   0x000000000000f079       0x10 /home/ek-181/Klukin/RIOT/tests/leds/bin/stm32f0discovery/core/init.o
 .debug_macro   0x000000000000f089      0x23b /home/ek-181/Klukin/RIOT/tests/leds/bin/stm32f0discovery/core/init.o
 .debug_macro   0x000000000000f2c4       0x10 /home/ek-181/Klukin/RIOT/tests/leds/bin/stm32f0discovery/core/init.o
 .debug_macro   0x000000000000f2d4       0x2e /home/ek-181/Klukin/RIOT/tests/leds/bin/stm32f0discovery/core/init.o
 .debug_macro   0x000000000000f302       0x10 /home/ek-181/Klukin/RIOT/tests/leds/bin/stm32f0discovery/core/init.o
 .debug_macro   0x000000000000f312      0x342 /home/ek-181/Klukin/RIOT/tests/leds/bin/stm32f0discovery/core/panic.o
 .debug_macro   0x000000000000f654      0xa9c /home/ek-181/Klukin/RIOT/tests/leds/bin/stm32f0discovery/core/panic.o
 .debug_macro   0x00000000000100f0       0x10 /home/ek-181/Klukin/RIOT/tests/leds/bin/stm32f0discovery/core/panic.o
 .debug_macro   0x0000000000010100      0x31b /home/ek-181/Klukin/RIOT/tests/leds/bin/stm32f0discovery/core/sched.o
 .debug_macro   0x000000000001041b      0xa9c /home/ek-181/Klukin/RIOT/tests/leds/bin/stm32f0discovery/core/sched.o
 .debug_macro   0x0000000000010eb7      0x315 /home/ek-181/Klukin/RIOT/tests/leds/bin/stm32f0discovery/core/thread.o
 .debug_macro   0x00000000000111cc      0xa9c /home/ek-181/Klukin/RIOT/tests/leds/bin/stm32f0discovery/core/thread.o
 .debug_macro   0x0000000000011c68       0xdc /home/ek-181/Klukin/RIOT/tests/leds/bin/stm32f0discovery/core/thread.o
 .debug_macro   0x0000000000011d44      0x2e8 /home/ek-181/Klukin/RIOT/tests/leds/bin/stm32f0discovery/cortexm_common/cortexm_init.o
 .debug_macro   0x000000000001202c      0xa9c /home/ek-181/Klukin/RIOT/tests/leds/bin/stm32f0discovery/cortexm_common/cortexm_init.o
 .debug_macro   0x0000000000012ac8      0x2eb /home/ek-181/Klukin/RIOT/tests/leds/bin/stm32f0discovery/cortexm_common/panic.o
 .debug_macro   0x0000000000012db3      0xa9c /home/ek-181/Klukin/RIOT/tests/leds/bin/stm32f0discovery/cortexm_common/panic.o
 .debug_macro   0x000000000001384f      0x312 /home/ek-181/Klukin/RIOT/tests/leds/bin/stm32f0discovery/cortexm_common/thread_arch.o
 .debug_macro   0x0000000000013b61      0xa9c /home/ek-181/Klukin/RIOT/tests/leds/bin/stm32f0discovery/cortexm_common/thread_arch.o
 .debug_macro   0x00000000000145fd       0x1c /home/ek-181/Klukin/RIOT/tests/leds/bin/stm32f0discovery/cortexm_common/thread_arch.o
 .debug_macro   0x0000000000014619      0x346 /home/ek-181/Klukin/RIOT/tests/leds/bin/stm32f0discovery/cortexm_common/vectors_cortexm.o
 .debug_macro   0x000000000001495f      0xa9c /home/ek-181/Klukin/RIOT/tests/leds/bin/stm32f0discovery/cortexm_common/vectors_cortexm.o
 .debug_macro   0x00000000000153fb       0x1c /home/ek-181/Klukin/RIOT/tests/leds/bin/stm32f0discovery/cortexm_common/vectors_cortexm.o
 .debug_macro   0x0000000000015417      0x333 /home/ek-181/Klukin/RIOT/tests/leds/bin/stm32f0discovery/cpu/cpu_common.o
 .debug_macro   0x000000000001574a      0xa9c /home/ek-181/Klukin/RIOT/tests/leds/bin/stm32f0discovery/cpu/cpu_common.o
 .debug_macro   0x00000000000161e6      0x36f /home/ek-181/Klukin/RIOT/tests/leds/bin/stm32f0discovery/cpu/cpu_init.o
 .debug_macro   0x0000000000016555      0xa9c /home/ek-181/Klukin/RIOT/tests/leds/bin/stm32f0discovery/cpu/cpu_init.o
 .debug_macro   0x0000000000016ff1       0x16 /home/ek-181/Klukin/RIOT/tests/leds/bin/stm32f0discovery/cpu/cpu_init.o
 .debug_macro   0x0000000000017007      0x4fe /home/ek-181/Klukin/RIOT/tests/leds/bin/stm32f0discovery/cpu/cpu_init.o
 .debug_macro   0x0000000000017505      0x448 /home/ek-181/Klukin/RIOT/tests/leds/bin/stm32f0discovery/newlib_syscalls_default/syscalls.o
 .debug_macro   0x000000000001794d      0xa9c /home/ek-181/Klukin/RIOT/tests/leds/bin/stm32f0discovery/newlib_syscalls_default/syscalls.o
 .debug_macro   0x00000000000183e9       0x10 /home/ek-181/Klukin/RIOT/tests/leds/bin/stm32f0discovery/newlib_syscalls_default/syscalls.o
 .debug_macro   0x00000000000183f9       0xcf /home/ek-181/Klukin/RIOT/tests/leds/bin/stm32f0discovery/newlib_syscalls_default/syscalls.o
 .debug_macro   0x00000000000184c8       0xb7 /home/ek-181/Klukin/RIOT/tests/leds/bin/stm32f0discovery/newlib_syscalls_default/syscalls.o
 .debug_macro   0x000000000001857f       0x10 /home/ek-181/Klukin/RIOT/tests/leds/bin/stm32f0discovery/newlib_syscalls_default/syscalls.o
 .debug_macro   0x000000000001858f      0x241 /home/ek-181/Klukin/RIOT/tests/leds/bin/stm32f0discovery/newlib_syscalls_default/syscalls.o
 .debug_macro   0x00000000000187d0       0x10 /home/ek-181/Klukin/RIOT/tests/leds/bin/stm32f0discovery/newlib_syscalls_default/syscalls.o
 .debug_macro   0x00000000000187e0       0x3c /home/ek-181/Klukin/RIOT/tests/leds/bin/stm32f0discovery/newlib_syscalls_default/syscalls.o
 .debug_macro   0x000000000001881c       0xff /home/ek-181/Klukin/RIOT/tests/leds/bin/stm32f0discovery/newlib_syscalls_default/syscalls.o
 .debug_macro   0x000000000001891b       0x16 /home/ek-181/Klukin/RIOT/tests/leds/bin/stm32f0discovery/newlib_syscalls_default/syscalls.o
 .debug_macro   0x0000000000018931       0x10 /home/ek-181/Klukin/RIOT/tests/leds/bin/stm32f0discovery/newlib_syscalls_default/syscalls.o
 .debug_macro   0x0000000000018941       0x10 /home/ek-181/Klukin/RIOT/tests/leds/bin/stm32f0discovery/newlib_syscalls_default/syscalls.o
 .debug_macro   0x0000000000018951       0x2e /home/ek-181/Klukin/RIOT/tests/leds/bin/stm32f0discovery/newlib_syscalls_default/syscalls.o
 .debug_macro   0x000000000001897f       0xf5 /home/ek-181/Klukin/RIOT/tests/leds/bin/stm32f0discovery/newlib_syscalls_default/syscalls.o
 .debug_macro   0x0000000000018a74      0x349 /home/ek-181/Klukin/RIOT/tests/leds/bin/stm32f0discovery/periph/gpio_all.o
 .debug_macro   0x0000000000018dbd      0xa9c /home/ek-181/Klukin/RIOT/tests/leds/bin/stm32f0discovery/periph/gpio_all.o
 .debug_macro   0x0000000000019859      0x35b /home/ek-181/Klukin/RIOT/tests/leds/bin/stm32f0discovery/periph/pm.o
 .debug_macro   0x0000000000019bb4      0xa9c /home/ek-181/Klukin/RIOT/tests/leds/bin/stm32f0discovery/periph/pm.o
 .debug_macro   0x000000000001a650      0x376 /home/ek-181/Klukin/RIOT/tests/leds/bin/stm32f0discovery/periph/uart.o
 .debug_macro   0x000000000001a9c6      0xa9c /home/ek-181/Klukin/RIOT/tests/leds/bin/stm32f0discovery/periph/uart.o
 .debug_macro   0x000000000001b462       0x10 /home/ek-181/Klukin/RIOT/tests/leds/bin/stm32f0discovery/periph/uart.o
 .debug_macro   0x000000000001b472      0x33f /home/ek-181/Klukin/RIOT/tests/leds/bin/stm32f0discovery/pm_layered/pm.o
 .debug_macro   0x000000000001b7b1      0xa9c /home/ek-181/Klukin/RIOT/tests/leds/bin/stm32f0discovery/pm_layered/pm.o
 .debug_macro   0x000000000001c24d      0x3e6 /home/ek-181/Klukin/RIOT/tests/leds/bin/stm32f0discovery/stdio_uart/stdio_uart.o
 .debug_macro   0x000000000001c633      0xa9c /home/ek-181/Klukin/RIOT/tests/leds/bin/stm32f0discovery/stdio_uart/stdio_uart.o
 .debug_macro   0x000000000001d0cf       0x16 /home/ek-181/Klukin/RIOT/tests/leds/bin/stm32f0discovery/stdio_uart/stdio_uart.o
 .debug_macro   0x000000000001d0e5      0x342 /home/ek-181/Klukin/RIOT/tests/leds/bin/stm32f0discovery/stm32_clk/stmclk_common.o
 .debug_macro   0x000000000001d427      0xa9c /home/ek-181/Klukin/RIOT/tests/leds/bin/stm32f0discovery/stm32_clk/stmclk_common.o
 .debug_macro   0x000000000001dec3      0x363 /home/ek-181/Klukin/RIOT/tests/leds/bin/stm32f0discovery/stm32_clk/stmclk_f0f1f3.o
 .debug_macro   0x000000000001e226      0xa9c /home/ek-181/Klukin/RIOT/tests/leds/bin/stm32f0discovery/stm32_clk/stmclk_f0f1f3.o
 .debug_macro   0x000000000001ecc2       0xed /home/ek-181/Klukin/RIOT/tests/leds/bin/stm32f0discovery/stm32_vectors/STM32F051x8.o
 .debug_macro   0x000000000001edaf      0xa9c /home/ek-181/Klukin/RIOT/tests/leds/bin/stm32f0discovery/stm32_vectors/STM32F051x8.o
 .debug_macro   0x000000000001f84b       0x16 /home/ek-181/Klukin/RIOT/tests/leds/bin/stm32f0discovery/stm32_vectors/STM32F051x8.o
 .debug_macro   0x000000000001f861      0x309 /home/ek-181/Klukin/RIOT/tests/leds/bin/stm32f0discovery/periph_common/init.o
 .debug_macro   0x000000000001fb6a      0xa9c /home/ek-181/Klukin/RIOT/tests/leds/bin/stm32f0discovery/periph_common/init.o

.debug_line     0x0000000000000000     0xa66e
 .debug_line    0x0000000000000000      0x7fa /home/ek-181/Klukin/RIOT/tests/leds/bin/stm32f0discovery/application_tests_leds/main.o
 .debug_line    0x00000000000007fa      0x303 /home/ek-181/Klukin/RIOT/tests/leds/bin/stm32f0discovery/auto_init/auto_init.o
 .debug_line    0x0000000000000afd      0x719 /home/ek-181/Klukin/RIOT/tests/leds/bin/stm32f0discovery/board/board.o
 .debug_line    0x0000000000001216      0x49b /home/ek-181/Klukin/RIOT/tests/leds/bin/stm32f0discovery/core/bitarithm.o
 .debug_line    0x00000000000016b1      0x6ff /home/ek-181/Klukin/RIOT/tests/leds/bin/stm32f0discovery/core/init.o
 .debug_line    0x0000000000001db0      0x6fe /home/ek-181/Klukin/RIOT/tests/leds/bin/stm32f0discovery/core/panic.o
 .debug_line    0x00000000000024ae      0x6f2 /home/ek-181/Klukin/RIOT/tests/leds/bin/stm32f0discovery/core/sched.o
 .debug_line    0x0000000000002ba0      0x873 /home/ek-181/Klukin/RIOT/tests/leds/bin/stm32f0discovery/core/thread.o
 .debug_line    0x0000000000003413      0x603 /home/ek-181/Klukin/RIOT/tests/leds/bin/stm32f0discovery/cortexm_common/cortexm_init.o
 .debug_line    0x0000000000003a16      0x5c0 /home/ek-181/Klukin/RIOT/tests/leds/bin/stm32f0discovery/cortexm_common/panic.o
 .debug_line    0x0000000000003fd6      0x6fe /home/ek-181/Klukin/RIOT/tests/leds/bin/stm32f0discovery/cortexm_common/thread_arch.o
 .debug_line    0x00000000000046d4      0x792 /home/ek-181/Klukin/RIOT/tests/leds/bin/stm32f0discovery/cortexm_common/vectors_cortexm.o
 .debug_line    0x0000000000004e66      0x735 /home/ek-181/Klukin/RIOT/tests/leds/bin/stm32f0discovery/cpu/cpu_common.o
 .debug_line    0x000000000000559b      0x72f /home/ek-181/Klukin/RIOT/tests/leds/bin/stm32f0discovery/cpu/cpu_init.o
 .debug_line    0x0000000000005cca      0x9b0 /home/ek-181/Klukin/RIOT/tests/leds/bin/stm32f0discovery/newlib_syscalls_default/syscalls.o
 .debug_line    0x000000000000667a      0x8b0 /home/ek-181/Klukin/RIOT/tests/leds/bin/stm32f0discovery/periph/gpio_all.o
 .debug_line    0x0000000000006f2a      0x712 /home/ek-181/Klukin/RIOT/tests/leds/bin/stm32f0discovery/periph/pm.o
 .debug_line    0x000000000000763c      0x8a8 /home/ek-181/Klukin/RIOT/tests/leds/bin/stm32f0discovery/periph/uart.o
 .debug_line    0x0000000000007ee4      0x77a /home/ek-181/Klukin/RIOT/tests/leds/bin/stm32f0discovery/pm_layered/pm.o
 .debug_line    0x000000000000865e      0x7e4 /home/ek-181/Klukin/RIOT/tests/leds/bin/stm32f0discovery/stdio_uart/stdio_uart.o
 .debug_line    0x0000000000008e42      0x75a /home/ek-181/Klukin/RIOT/tests/leds/bin/stm32f0discovery/stm32_clk/stmclk_common.o
 .debug_line    0x000000000000959c      0x724 /home/ek-181/Klukin/RIOT/tests/leds/bin/stm32f0discovery/stm32_clk/stmclk_f0f1f3.o
 .debug_line    0x0000000000009cc0      0x377 /home/ek-181/Klukin/RIOT/tests/leds/bin/stm32f0discovery/stm32_vectors/STM32F051x8.o
 .debug_line    0x000000000000a037      0x637 /home/ek-181/Klukin/RIOT/tests/leds/bin/stm32f0discovery/periph_common/init.o

.debug_str      0x0000000000000000    0x4196f
 .debug_str     0x0000000000000000    0x3d052 /home/ek-181/Klukin/RIOT/tests/leds/bin/stm32f0discovery/application_tests_leds/main.o
                                      0x3d40f (size before relaxing)
 .debug_str     0x000000000003d052      0x506 /home/ek-181/Klukin/RIOT/tests/leds/bin/stm32f0discovery/auto_init/auto_init.o
                                       0x7fe8 (size before relaxing)
 .debug_str     0x000000000003d558      0x12d /home/ek-181/Klukin/RIOT/tests/leds/bin/stm32f0discovery/board/board.o
                                      0x3d42c (size before relaxing)
 .debug_str     0x000000000003d685      0x36b /home/ek-181/Klukin/RIOT/tests/leds/bin/stm32f0discovery/core/bitarithm.o
                                      0x3a985 (size before relaxing)
 .debug_str     0x000000000003d9f0      0x769 /home/ek-181/Klukin/RIOT/tests/leds/bin/stm32f0discovery/core/init.o
                                      0x3d617 (size before relaxing)
 .debug_str     0x000000000003e159      0x185 /home/ek-181/Klukin/RIOT/tests/leds/bin/stm32f0discovery/core/panic.o
                                      0x3d052 (size before relaxing)
 .debug_str     0x000000000003e2de      0x27e /home/ek-181/Klukin/RIOT/tests/leds/bin/stm32f0discovery/core/sched.o
                                      0x3cd1a (size before relaxing)
 .debug_str     0x000000000003e55c      0x1e8 /home/ek-181/Klukin/RIOT/tests/leds/bin/stm32f0discovery/core/thread.o
                                      0x3d0eb (size before relaxing)
 .debug_str     0x000000000003e744      0x30f /home/ek-181/Klukin/RIOT/tests/leds/bin/stm32f0discovery/cortexm_common/cortexm_init.o
                                      0x3c8c3 (size before relaxing)
 .debug_str     0x000000000003ea53       0x6f /home/ek-181/Klukin/RIOT/tests/leds/bin/stm32f0discovery/cortexm_common/panic.o
                                      0x3c765 (size before relaxing)
 .debug_str     0x000000000003eac2      0x1b9 /home/ek-181/Klukin/RIOT/tests/leds/bin/stm32f0discovery/cortexm_common/thread_arch.o
                                      0x3c9a6 (size before relaxing)
 .debug_str     0x000000000003ec7b      0x399 /home/ek-181/Klukin/RIOT/tests/leds/bin/stm32f0discovery/cortexm_common/vectors_cortexm.o
                                      0x3d371 (size before relaxing)
 .debug_str     0x000000000003f014      0x142 /home/ek-181/Klukin/RIOT/tests/leds/bin/stm32f0discovery/cpu/cpu_common.o
                                      0x3d44d (size before relaxing)
 .debug_str     0x000000000003f156     0x1124 /home/ek-181/Klukin/RIOT/tests/leds/bin/stm32f0discovery/cpu/cpu_init.o
                                      0x3e05f (size before relaxing)
 .debug_str     0x000000000004027a      0x902 /home/ek-181/Klukin/RIOT/tests/leds/bin/stm32f0discovery/newlib_syscalls_default/syscalls.o
                                      0x3ee85 (size before relaxing)
 .debug_str     0x0000000000040b7c      0x1e3 /home/ek-181/Klukin/RIOT/tests/leds/bin/stm32f0discovery/periph/gpio_all.o
                                      0x3d675 (size before relaxing)
 .debug_str     0x0000000000040d5f      0x12e /home/ek-181/Klukin/RIOT/tests/leds/bin/stm32f0discovery/periph/pm.o
                                      0x3d08f (size before relaxing)
 .debug_str     0x0000000000040e8d      0x295 /home/ek-181/Klukin/RIOT/tests/leds/bin/stm32f0discovery/periph/uart.o
                                      0x3d7fe (size before relaxing)
 .debug_str     0x0000000000041122       0xd2 /home/ek-181/Klukin/RIOT/tests/leds/bin/stm32f0discovery/pm_layered/pm.o
                                      0x3d0c1 (size before relaxing)
 .debug_str     0x00000000000411f4      0x213 /home/ek-181/Klukin/RIOT/tests/leds/bin/stm32f0discovery/stdio_uart/stdio_uart.o
                                      0x3eb66 (size before relaxing)
 .debug_str     0x0000000000041407      0x192 /home/ek-181/Klukin/RIOT/tests/leds/bin/stm32f0discovery/stm32_clk/stmclk_common.o
                                      0x3d356 (size before relaxing)
 .debug_str     0x0000000000041599      0x24f /home/ek-181/Klukin/RIOT/tests/leds/bin/stm32f0discovery/stm32_clk/stmclk_f0f1f3.o
                                      0x3d4b0 (size before relaxing)
 .debug_str     0x00000000000417e8       0xd3 /home/ek-181/Klukin/RIOT/tests/leds/bin/stm32f0discovery/stm32_vectors/STM32F051x8.o
                                      0x36fc4 (size before relaxing)
 .debug_str     0x00000000000418bb       0xb4 /home/ek-181/Klukin/RIOT/tests/leds/bin/stm32f0discovery/periph_common/init.o
                                      0x3cdad (size before relaxing)

.comment        0x0000000000000000       0x7f
 .comment       0x0000000000000000       0x7f /home/ek-181/Klukin/RIOT/tests/leds/bin/stm32f0discovery/application_tests_leds/main.o
                                         0x80 (size before relaxing)
 .comment       0x000000000000007f       0x80 /home/ek-181/Klukin/RIOT/tests/leds/bin/stm32f0discovery/auto_init/auto_init.o
 .comment       0x000000000000007f       0x80 /home/ek-181/Klukin/RIOT/tests/leds/bin/stm32f0discovery/board/board.o
 .comment       0x000000000000007f       0x80 /home/ek-181/Klukin/RIOT/tests/leds/bin/stm32f0discovery/core/bitarithm.o
 .comment       0x000000000000007f       0x80 /home/ek-181/Klukin/RIOT/tests/leds/bin/stm32f0discovery/core/init.o
 .comment       0x000000000000007f       0x80 /home/ek-181/Klukin/RIOT/tests/leds/bin/stm32f0discovery/core/panic.o
 .comment       0x000000000000007f       0x80 /home/ek-181/Klukin/RIOT/tests/leds/bin/stm32f0discovery/core/sched.o
 .comment       0x000000000000007f       0x80 /home/ek-181/Klukin/RIOT/tests/leds/bin/stm32f0discovery/core/thread.o
 .comment       0x000000000000007f       0x80 /home/ek-181/Klukin/RIOT/tests/leds/bin/stm32f0discovery/cortexm_common/cortexm_init.o
 .comment       0x000000000000007f       0x80 /home/ek-181/Klukin/RIOT/tests/leds/bin/stm32f0discovery/cortexm_common/panic.o
 .comment       0x000000000000007f       0x80 /home/ek-181/Klukin/RIOT/tests/leds/bin/stm32f0discovery/cortexm_common/thread_arch.o
 .comment       0x000000000000007f       0x80 /home/ek-181/Klukin/RIOT/tests/leds/bin/stm32f0discovery/cortexm_common/vectors_cortexm.o
 .comment       0x000000000000007f       0x80 /home/ek-181/Klukin/RIOT/tests/leds/bin/stm32f0discovery/cpu/cpu_common.o
 .comment       0x000000000000007f       0x80 /home/ek-181/Klukin/RIOT/tests/leds/bin/stm32f0discovery/cpu/cpu_init.o
 .comment       0x000000000000007f       0x80 /home/ek-181/Klukin/RIOT/tests/leds/bin/stm32f0discovery/newlib_syscalls_default/syscalls.o
 .comment       0x000000000000007f       0x80 /home/ek-181/Klukin/RIOT/tests/leds/bin/stm32f0discovery/periph/gpio_all.o
 .comment       0x000000000000007f       0x80 /home/ek-181/Klukin/RIOT/tests/leds/bin/stm32f0discovery/periph/pm.o
 .comment       0x000000000000007f       0x80 /home/ek-181/Klukin/RIOT/tests/leds/bin/stm32f0discovery/periph/uart.o
 .comment       0x000000000000007f       0x80 /home/ek-181/Klukin/RIOT/tests/leds/bin/stm32f0discovery/pm_layered/pm.o
 .comment       0x000000000000007f       0x80 /home/ek-181/Klukin/RIOT/tests/leds/bin/stm32f0discovery/stdio_uart/stdio_uart.o
 .comment       0x000000000000007f       0x80 /home/ek-181/Klukin/RIOT/tests/leds/bin/stm32f0discovery/stm32_clk/stmclk_common.o
 .comment       0x000000000000007f       0x80 /home/ek-181/Klukin/RIOT/tests/leds/bin/stm32f0discovery/stm32_clk/stmclk_f0f1f3.o
 .comment       0x000000000000007f       0x80 /home/ek-181/Klukin/RIOT/tests/leds/bin/stm32f0discovery/stm32_vectors/STM32F051x8.o
 .comment       0x000000000000007f       0x80 /home/ek-181/Klukin/RIOT/tests/leds/bin/stm32f0discovery/periph_common/init.o

.ARM.attributes
                0x0000000000000000       0x31
 .ARM.attributes
                0x0000000000000000       0x31 /home/ek-181/Klukin/RIOT/tests/leds/bin/stm32f0discovery/application_tests_leds/main.o
 .ARM.attributes
                0x0000000000000031       0x31 /home/ek-181/Klukin/RIOT/tests/leds/bin/stm32f0discovery/auto_init/auto_init.o
 .ARM.attributes
                0x0000000000000062       0x31 /home/ek-181/Klukin/RIOT/tests/leds/bin/stm32f0discovery/board/board.o
 .ARM.attributes
                0x0000000000000093       0x31 /home/ek-181/Klukin/RIOT/tests/leds/bin/stm32f0discovery/core/bitarithm.o
 .ARM.attributes
                0x00000000000000c4       0x31 /home/ek-181/Klukin/RIOT/tests/leds/bin/stm32f0discovery/core/init.o
 .ARM.attributes
                0x00000000000000f5       0x31 /home/ek-181/Klukin/RIOT/tests/leds/bin/stm32f0discovery/core/panic.o
 .ARM.attributes
                0x0000000000000126       0x31 /home/ek-181/Klukin/RIOT/tests/leds/bin/stm32f0discovery/core/sched.o
 .ARM.attributes
                0x0000000000000157       0x31 /home/ek-181/Klukin/RIOT/tests/leds/bin/stm32f0discovery/core/thread.o
 .ARM.attributes
                0x0000000000000188       0x31 /home/ek-181/Klukin/RIOT/tests/leds/bin/stm32f0discovery/cortexm_common/cortexm_init.o
 .ARM.attributes
                0x00000000000001b9       0x31 /home/ek-181/Klukin/RIOT/tests/leds/bin/stm32f0discovery/cortexm_common/panic.o
 .ARM.attributes
                0x00000000000001ea       0x31 /home/ek-181/Klukin/RIOT/tests/leds/bin/stm32f0discovery/cortexm_common/thread_arch.o
 .ARM.attributes
                0x000000000000021b       0x31 /home/ek-181/Klukin/RIOT/tests/leds/bin/stm32f0discovery/cortexm_common/vectors_cortexm.o
 .ARM.attributes
                0x000000000000024c       0x31 /home/ek-181/Klukin/RIOT/tests/leds/bin/stm32f0discovery/cpu/cpu_common.o
 .ARM.attributes
                0x000000000000027d       0x31 /home/ek-181/Klukin/RIOT/tests/leds/bin/stm32f0discovery/cpu/cpu_init.o
 .ARM.attributes
                0x00000000000002ae       0x31 /home/ek-181/Klukin/RIOT/tests/leds/bin/stm32f0discovery/newlib_syscalls_default/syscalls.o
 .ARM.attributes
                0x00000000000002df       0x31 /home/ek-181/Klukin/RIOT/tests/leds/bin/stm32f0discovery/periph/gpio_all.o
 .ARM.attributes
                0x0000000000000310       0x31 /home/ek-181/Klukin/RIOT/tests/leds/bin/stm32f0discovery/periph/pm.o
 .ARM.attributes
                0x0000000000000341       0x31 /home/ek-181/Klukin/RIOT/tests/leds/bin/stm32f0discovery/periph/uart.o
 .ARM.attributes
                0x0000000000000372       0x31 /home/ek-181/Klukin/RIOT/tests/leds/bin/stm32f0discovery/pm_layered/pm.o
 .ARM.attributes
                0x00000000000003a3       0x31 /home/ek-181/Klukin/RIOT/tests/leds/bin/stm32f0discovery/stdio_uart/stdio_uart.o
 .ARM.attributes
                0x00000000000003d4       0x31 /home/ek-181/Klukin/RIOT/tests/leds/bin/stm32f0discovery/stm32_clk/stmclk_common.o
 .ARM.attributes
                0x0000000000000405       0x31 /home/ek-181/Klukin/RIOT/tests/leds/bin/stm32f0discovery/stm32_clk/stmclk_f0f1f3.o
 .ARM.attributes
                0x0000000000000436       0x31 /home/ek-181/Klukin/RIOT/tests/leds/bin/stm32f0discovery/stm32_vectors/STM32F051x8.o
 .ARM.attributes
                0x0000000000000467       0x31 /home/ek-181/Klukin/RIOT/tests/leds/bin/stm32f0discovery/periph_common/init.o
 .ARM.attributes
                0x0000000000000498       0x1e /usr/bin/../lib/gcc/arm-none-eabi/7.3.1/thumb/v6-m/libgcc.a(_udivsi3.o)
 .ARM.attributes
                0x00000000000004b6       0x1e /usr/bin/../lib/gcc/arm-none-eabi/7.3.1/thumb/v6-m/libgcc.a(_dvmd_tls.o)
 .ARM.attributes
                0x00000000000004d4       0x2c /usr/bin/../lib/gcc/arm-none-eabi/7.3.1/../../../../arm-none-eabi/lib/thumb/v6-m/libc_nano.a(lib_a-impure.o)
 .ARM.attributes
                0x0000000000000500       0x2c /usr/bin/../lib/gcc/arm-none-eabi/7.3.1/../../../../arm-none-eabi/lib/thumb/v6-m/libc_nano.a(lib_a-init.o)
 .ARM.attributes
                0x000000000000052c       0x2c /usr/bin/../lib/gcc/arm-none-eabi/7.3.1/../../../../arm-none-eabi/lib/thumb/v6-m/libc_nano.a(lib_a-memset.o)
 .ARM.attributes
                0x0000000000000558       0x2c /usr/bin/../lib/gcc/arm-none-eabi/7.3.1/../../../../arm-none-eabi/lib/thumb/v6-m/libc_nano.a(lib_a-nano-mallocr.o)
 .ARM.attributes
                0x0000000000000584       0x2c /usr/bin/../lib/gcc/arm-none-eabi/7.3.1/../../../../arm-none-eabi/lib/thumb/v6-m/libc_nano.a(lib_a-printf.o)
 .ARM.attributes
                0x00000000000005b0       0x2c /usr/bin/../lib/gcc/arm-none-eabi/7.3.1/../../../../arm-none-eabi/lib/thumb/v6-m/libc_nano.a(lib_a-puts.o)
 .ARM.attributes
                0x00000000000005dc       0x2c /usr/bin/../lib/gcc/arm-none-eabi/7.3.1/../../../../arm-none-eabi/lib/thumb/v6-m/libc_nano.a(lib_a-wbuf.o)
 .ARM.attributes
                0x0000000000000608       0x2c /usr/bin/../lib/gcc/arm-none-eabi/7.3.1/../../../../arm-none-eabi/lib/thumb/v6-m/libc_nano.a(lib_a-wsetup.o)
 .ARM.attributes
                0x0000000000000634       0x2c /usr/bin/../lib/gcc/arm-none-eabi/7.3.1/../../../../arm-none-eabi/lib/thumb/v6-m/libc_nano.a(lib_a-fflush.o)
 .ARM.attributes
                0x0000000000000660       0x2c /usr/bin/../lib/gcc/arm-none-eabi/7.3.1/../../../../arm-none-eabi/lib/thumb/v6-m/libc_nano.a(lib_a-findfp.o)
 .ARM.attributes
                0x000000000000068c       0x2c /usr/bin/../lib/gcc/arm-none-eabi/7.3.1/../../../../arm-none-eabi/lib/thumb/v6-m/libc_nano.a(lib_a-fwalk.o)
 .ARM.attributes
                0x00000000000006b8       0x2c /usr/bin/../lib/gcc/arm-none-eabi/7.3.1/../../../../arm-none-eabi/lib/thumb/v6-m/libc_nano.a(lib_a-makebuf.o)
 .ARM.attributes
                0x00000000000006e4       0x2c /usr/bin/../lib/gcc/arm-none-eabi/7.3.1/../../../../arm-none-eabi/lib/thumb/v6-m/libc_nano.a(lib_a-mlock.o)
 .ARM.attributes
                0x0000000000000710       0x2c /usr/bin/../lib/gcc/arm-none-eabi/7.3.1/../../../../arm-none-eabi/lib/thumb/v6-m/libc_nano.a(lib_a-nano-freer.o)
 .ARM.attributes
                0x000000000000073c       0x2c /usr/bin/../lib/gcc/arm-none-eabi/7.3.1/../../../../arm-none-eabi/lib/thumb/v6-m/libc_nano.a(lib_a-nano-vfprintf.o)
 .ARM.attributes
                0x0000000000000768       0x2c /usr/bin/../lib/gcc/arm-none-eabi/7.3.1/../../../../arm-none-eabi/lib/thumb/v6-m/libc_nano.a(lib_a-nano-vfprintf_i.o)
 .ARM.attributes
                0x0000000000000794       0x2c /usr/bin/../lib/gcc/arm-none-eabi/7.3.1/../../../../arm-none-eabi/lib/thumb/v6-m/libc_nano.a(lib_a-stdio.o)
 .ARM.attributes
                0x00000000000007c0       0x2c /usr/bin/../lib/gcc/arm-none-eabi/7.3.1/../../../../arm-none-eabi/lib/thumb/v6-m/libc_nano.a(lib_a-memchr-stub.o)

.debug_frame    0x0000000000000000     0x11a0
 .debug_frame   0x0000000000000000       0x4c /home/ek-181/Klukin/RIOT/tests/leds/bin/stm32f0discovery/application_tests_leds/main.o
 .debug_frame   0x000000000000004c       0x20 /home/ek-181/Klukin/RIOT/tests/leds/bin/stm32f0discovery/auto_init/auto_init.o
 .debug_frame   0x000000000000006c       0x38 /home/ek-181/Klukin/RIOT/tests/leds/bin/stm32f0discovery/board/board.o
 .debug_frame   0x00000000000000a4       0x30 /home/ek-181/Klukin/RIOT/tests/leds/bin/stm32f0discovery/core/bitarithm.o
 .debug_frame   0x00000000000000d4       0x58 /home/ek-181/Klukin/RIOT/tests/leds/bin/stm32f0discovery/core/init.o
 .debug_frame   0x000000000000012c       0x5c /home/ek-181/Klukin/RIOT/tests/leds/bin/stm32f0discovery/core/panic.o
 .debug_frame   0x0000000000000188       0x8c /home/ek-181/Klukin/RIOT/tests/leds/bin/stm32f0discovery/core/sched.o
 .debug_frame   0x0000000000000214      0x10c /home/ek-181/Klukin/RIOT/tests/leds/bin/stm32f0discovery/core/thread.o
 .debug_frame   0x0000000000000320       0x58 /home/ek-181/Klukin/RIOT/tests/leds/bin/stm32f0discovery/cortexm_common/cortexm_init.o
 .debug_frame   0x0000000000000378       0x38 /home/ek-181/Klukin/RIOT/tests/leds/bin/stm32f0discovery/cortexm_common/panic.o
 .debug_frame   0x00000000000003b0       0xdc /home/ek-181/Klukin/RIOT/tests/leds/bin/stm32f0discovery/cortexm_common/thread_arch.o
 .debug_frame   0x000000000000048c       0xbc /home/ek-181/Klukin/RIOT/tests/leds/bin/stm32f0discovery/cortexm_common/vectors_cortexm.o
 .debug_frame   0x0000000000000548       0x60 /home/ek-181/Klukin/RIOT/tests/leds/bin/stm32f0discovery/cpu/cpu_common.o
 .debug_frame   0x00000000000005a8       0x38 /home/ek-181/Klukin/RIOT/tests/leds/bin/stm32f0discovery/cpu/cpu_init.o
 .debug_frame   0x00000000000005e0      0x1a4 /home/ek-181/Klukin/RIOT/tests/leds/bin/stm32f0discovery/newlib_syscalls_default/syscalls.o
 .debug_frame   0x0000000000000784       0xfc /home/ek-181/Klukin/RIOT/tests/leds/bin/stm32f0discovery/periph/gpio_all.o
 .debug_frame   0x0000000000000880       0x50 /home/ek-181/Klukin/RIOT/tests/leds/bin/stm32f0discovery/periph/pm.o
 .debug_frame   0x00000000000008d0       0xf4 /home/ek-181/Klukin/RIOT/tests/leds/bin/stm32f0discovery/periph/uart.o
 .debug_frame   0x00000000000009c4       0x78 /home/ek-181/Klukin/RIOT/tests/leds/bin/stm32f0discovery/pm_layered/pm.o
 .debug_frame   0x0000000000000a3c       0x60 /home/ek-181/Klukin/RIOT/tests/leds/bin/stm32f0discovery/stdio_uart/stdio_uart.o
 .debug_frame   0x0000000000000a9c       0x80 /home/ek-181/Klukin/RIOT/tests/leds/bin/stm32f0discovery/stm32_clk/stmclk_common.o
 .debug_frame   0x0000000000000b1c       0x3c /home/ek-181/Klukin/RIOT/tests/leds/bin/stm32f0discovery/stm32_clk/stmclk_f0f1f3.o
 .debug_frame   0x0000000000000b58       0x28 /home/ek-181/Klukin/RIOT/tests/leds/bin/stm32f0discovery/stm32_vectors/STM32F051x8.o
 .debug_frame   0x0000000000000b80       0x30 /home/ek-181/Klukin/RIOT/tests/leds/bin/stm32f0discovery/periph_common/init.o